Component: ARM Compiler 5.06 update 7 (build 960) Tool: armlink [4d3601]

==============================================================================

Section Cross References

    startup_mk60d10.o(STACK) refers (Special) to heapauxi.o(.text) for __use_two_region_memory
    startup_mk60d10.o(HEAP) refers (Special) to heapauxi.o(.text) for __use_two_region_memory
    startup_mk60d10.o(RESET) refers (Special) to heapauxi.o(.text) for __use_two_region_memory
    startup_mk60d10.o(RESET) refers to startup_mk60d10.o(STACK) for __initial_sp
    startup_mk60d10.o(RESET) refers to startup_mk60d10.o(.text) for Reset_Handler
    startup_mk60d10.o(RESET) refers to main.o(i.HardFault_Handler) for HardFault_Handler
    startup_mk60d10.o(RESET) refers to main.o(i.PIT0_IRQHandler) for PIT0_IRQHandler
    startup_mk60d10.o(RESET) refers to ov7725.o(i.PORTB_IRQHandler) for PORTB_IRQHandler
    startup_mk60d10.o(.ARM.__at_0x400) refers (Special) to heapauxi.o(.text) for __use_two_region_memory
    startup_mk60d10.o(.text) refers (Special) to heapauxi.o(.text) for __use_two_region_memory
    startup_mk60d10.o(.text) refers to mk60_sys.o(i.SystemInit) for SystemInit
    startup_mk60d10.o(.text) refers to __main.o(!!!main) for __main
    startup_mk60d10.o(.text) refers to startup_mk60d10.o(HEAP) for Heap_Mem
    startup_mk60d10.o(.text) refers to startup_mk60d10.o(STACK) for Stack_Mem
    main.o(i.HardFault_Handler) refers to noretval__2printf.o(.text) for __2printf
    main.o(i.PIT0_IRQHandler) refers to mk60_pit.o(i.clear_pit_int_flag) for clear_pit_int_flag
    main.o(i.PIT0_IRQHandler) refers to motor_pid.o(i.LeftMotorPID) for LeftMotorPID
    main.o(i.PIT0_IRQHandler) refers to motor_pid.o(i.RightMotorPID) for RightMotorPID
    main.o(i.PIT0_IRQHandler) refers to main.o(.data) for t
    main.o(i.main) refers to mk60_sys.o(i.DisableInterrupts) for DisableInterrupts
    main.o(i.main) refers to mk60_uart.o(i.uart_init) for uart_init
    main.o(i.main) refers to mk60_gpio.o(i.gpio_init) for gpio_init
    main.o(i.main) refers to mk60_pit.o(i.pit_init) for pit_init
    main.o(i.main) refers to oled.o(i.OLED_Init) for OLED_Init
    main.o(i.main) refers to mk60_ftm.o(i.ftm_pwm_init) for ftm_pwm_init
    main.o(i.main) refers to ov7725.o(i.OV7725_Init) for OV7725_Init
    main.o(i.main) refers to k60_dma.o(i.dma_gpio_counter_init) for dma_gpio_counter_init
    main.o(i.main) refers to mk60_sys.o(i.SetIntPrio) for SetIntPrio
    main.o(i.main) refers to mk60_sys.o(i.EnableInterrupts) for EnableInterrupts
    main.o(i.main) refers to ov7725.o(i.Image_Decompression) for Image_Decompression
    main.o(i.main) refers to control.o(i.get_mid) for get_mid
    main.o(i.main) refers to control.o(i.shizi_handle) for shizi_handle
    main.o(i.main) refers to servo_pd.o(i.ServoPD) for ServoPD
    main.o(i.main) refers to ov7725.o(i.Display_Image_On_PC) for Display_Image_On_PC
    main.o(i.main) refers to ov7725.o(.bss) for Image_Data
    iic.o(i.IIC_Ack) refers to mk60_sys.o(i.delay_us) for delay_us
    iic.o(i.IIC_Init) refers to mk60_gpio.o(i.gpio_init) for gpio_init
    iic.o(i.IIC_Init) refers to iic.o(i.IIC_Stop) for IIC_Stop
    iic.o(i.IIC_Init) refers to mk60_sys.o(i.delay_ms) for delay_ms
    iic.o(i.IIC_NAck) refers to mk60_sys.o(i.delay_us) for delay_us
    iic.o(i.IIC_ReadByte) refers to mk60_sys.o(i.delay_us) for delay_us
    iic.o(i.IIC_SendByte) refers to mk60_sys.o(i.delay_us) for delay_us
    iic.o(i.IIC_Start) refers to mk60_sys.o(i.delay_us) for delay_us
    iic.o(i.IIC_Stop) refers to mk60_sys.o(i.delay_us) for delay_us
    iic.o(i.IIC_WaitAck) refers to mk60_sys.o(i.delay_us) for delay_us
    iic.o(i.Read_Reg) refers to iic.o(i.IIC_Start) for IIC_Start
    iic.o(i.Read_Reg) refers to iic.o(i.IIC_SendByte) for IIC_SendByte
    iic.o(i.Read_Reg) refers to iic.o(i.IIC_WaitAck) for IIC_WaitAck
    iic.o(i.Read_Reg) refers to iic.o(i.IIC_Stop) for IIC_Stop
    iic.o(i.Read_Reg) refers to iic.o(i.IIC_ReadByte) for IIC_ReadByte
    iic.o(i.Write_Reg) refers to iic.o(i.IIC_Start) for IIC_Start
    iic.o(i.Write_Reg) refers to iic.o(i.IIC_SendByte) for IIC_SendByte
    iic.o(i.Write_Reg) refers to iic.o(i.IIC_WaitAck) for IIC_WaitAck
    iic.o(i.Write_Reg) refers to iic.o(i.IIC_Stop) for IIC_Stop
    iic.o(i.Write_Reg) refers to mk60_sys.o(i.delay_ms) for delay_ms
    ov7725.o(i.Display_Image_On_OLED) refers to oled.o(i.OLED_DrawPoint) for OLED_DrawPoint
    ov7725.o(i.Display_Image_On_OLED) refers to control.o(.bss) for mid
    ov7725.o(i.Display_Image_On_OLED) refers to ov7725.o(.bss) for Image_Data
    ov7725.o(i.Display_Image_On_PC) refers to mk60_uart.o(i.uart_sendbyte) for uart_sendbyte
    ov7725.o(i.Display_Image_On_PC) refers to control.o(.bss) for left
    ov7725.o(i.Display_Image_On_PC) refers to ov7725.o(.bss) for Image_Data
    ov7725.o(i.OV7725_Init) refers to iic.o(i.IIC_Init) for IIC_Init
[...]
    defsig_general.o(.text) refers to sys_wrch.o(.text) for _ttywrch
    sys_wrch.o(.text) refers (Special) to use_no_semi.o(.text) for __I$use$semihosting
    sys_wrch.o(.text) refers (Special) to indicate_semi.o(.text) for __semihosting_library_function
    defsig.o(CL$$defsig) refers to defsig_rtmem_inner.o(.text) for __rt_SIGRTMEM_inner
    defsig_abrt_inner.o(.text) refers to defsig_general.o(.text) for __default_signal_display
    defsig_fpe_inner.o(.text) refers to defsig_general.o(.text) for __default_signal_display
    defsig_rtred_inner.o(.text) refers to defsig_general.o(.text) for __default_signal_display
    defsig_stak_inner.o(.text) refers to defsig_general.o(.text) for __default_signal_display
    defsig_pvfn_inner.o(.text) refers to defsig_general.o(.text) for __default_signal_display
    defsig_cppl_inner.o(.text) refers to defsig_general.o(.text) for __default_signal_display
    defsig_segv_inner.o(.text) refers to defsig_general.o(.text) for __default_signal_display
    defsig_other.o(.text) refers to defsig_general.o(.text) for __default_signal_display


==============================================================================

Removing Unused input sections from the image.

    Removing main.o(.rev16_text), (4 bytes).
    Removing main.o(.revsh_text), (4 bytes).
    Removing main.o(.rrx_text), (6 bytes).
    Removing iic.o(.rev16_text), (4 bytes).
    Removing iic.o(.revsh_text), (4 bytes).
    Removing iic.o(.rrx_text), (6 bytes).
    Removing iic.o(i.IIC_Ack), (92 bytes).
    Removing iic.o(i.IIC_NAck), (76 bytes).
    Removing ov7725.o(.rev16_text), (4 bytes).
    Removing ov7725.o(.revsh_text), (4 bytes).
    Removing ov7725.o(.rrx_text), (6 bytes).
    Removing ov7725.o(i.Display_Image_On_OLED), (104 bytes).
    Removing oled.o(.rev16_text), (4 bytes).
    Removing oled.o(.revsh_text), (4 bytes).
    Removing oled.o(.rrx_text), (6 bytes).
    Removing oled.o(i.DrawBitMap), (118 bytes).
    Removing oled.o(i.OLED_DrawCircle), (304 bytes).
    Removing oled.o(i.OLED_DrawLine), (254 bytes).
    Removing oled.o(i.OLED_DrawPoint), (124 bytes).
    Removing oled.o(i.OLED_DrawRectangle), (82 bytes).
    Removing oled.o(i.OLED_Pow), (22 bytes).
    Removing oled.o(i.OLED_ReadPoint), (84 bytes).
    Removing oled.o(i.OLED_RefreshGRAM), (68 bytes).
    Removing oled.o(i.OLED_SetPos), (40 bytes).
    Removing oled.o(i.OLED_ShowChar), (244 bytes).
    Removing oled.o(i.OLED_ShowFont), (296 bytes).
    Removing oled.o(i.OLED_ShowNum), (136 bytes).
    Removing oled.o(i.OLED_ShowStr), (190 bytes).
    Removing oled.o(i.OLED_ShowxNum), (136 bytes).
    Removing oled.o(i.ShowClass), (104 bytes).
    Removing oled.o(.constdata), (3275 bytes).
    Removing control.o(.rev16_text), (4 bytes).
    Removing control.o(.revsh_text), (4 bytes).
    Removing control.o(.rrx_text), (6 bytes).
    Removing servo_pd.o(.rev16_text), (4 bytes).
    Removing servo_pd.o(.revsh_text), (4 bytes).
    Removing servo_pd.o(.rrx_text), (6 bytes).
    Removing motor_pid.o(.rev16_text), (4 bytes).
    Removing motor_pid.o(.revsh_text), (4 bytes).
    Removing motor_pid.o(.rrx_text), (6 bytes).
    Removing motor_pid.o(i.SendWave), (60 bytes).
    Removing mk60_ftm.o(.rev16_text), (4 bytes).
    Removing mk60_ftm.o(.revsh_text), (4 bytes).
    Removing mk60_ftm.o(.rrx_text), (6 bytes).
    Removing mk60_ftm.o(i.ftm_quad_init), (180 bytes).
    Removing mk60_ftm.o(i.get_ftm_quad_counter), (108 bytes).
    Removing mk60_ftm.o(.data), (2 bytes).
    Removing mk60_gpio.o(.rev16_text), (4 bytes).
    Removing mk60_gpio.o(.revsh_text), (4 bytes).
    Removing mk60_gpio.o(.rrx_text), (6 bytes).
    Removing mk60_gpio.o(i.clear_gpio_int_flag), (10 bytes).
    Removing mk60_gpio.o(i.get_gpio_int_flag), (28 bytes).
    Removing mk60_gpio.o(i.gpio_getbit), (38 bytes).
    Removing mk60_gpio.o(i.gpio_read), (8 bytes).
    Removing mk60_gpio.o(i.gpio_setbit), (28 bytes).
    Removing mk60_gpio.o(i.gpio_turnbit), (12 bytes).
    Removing mk60_gpio.o(i.gpio_write), (4 bytes).
    Removing mk60_lptmr.o(.rev16_text), (4 bytes).
    Removing mk60_lptmr.o(.revsh_text), (4 bytes).
    Removing mk60_lptmr.o(.rrx_text), (6 bytes).
    Removing mk60_lptmr.o(i.get_lptmr_counter), (36 bytes).
    Removing mk60_lptmr.o(i.lptmr_counter_init), (68 bytes).
    Removing mk60_pit.o(.rev16_text), (4 bytes).
    Removing mk60_pit.o(.revsh_text), (4 bytes).
    Removing mk60_pit.o(.rrx_text), (6 bytes).
    Removing mk60_sdhc.o(.rev16_text), (4 bytes).
    Removing mk60_sdhc.o(.revsh_text), (4 bytes).
    Removing mk60_sdhc.o(.rrx_text), (6 bytes).
    Removing mk60_sdhc.o(i.SDHC_WaitCommandLineIdle), (48 bytes).
    Removing mk60_sdhc.o(i.SD_GetSizeInMB), (116 bytes).
    Removing mk60_sdhc.o(i.SD_Init), (88 bytes).
    Removing mk60_sdhc.o(i.SD_InitCard), (692 bytes).
    Removing mk60_sdhc.o(i.SD_QuickInit), (84 bytes).
    Removing mk60_sdhc.o(i.SD_ReadMultiBlock), (260 bytes).
    Removing mk60_sdhc.o(i.SD_ReadSingleBlock), (136 bytes).
    Removing mk60_sdhc.o(i.SD_SendCommand), (160 bytes).
    Removing mk60_sdhc.o(i.SD_SetBaudRate), (220 bytes).
    Removing mk60_sdhc.o(i.SD_StatusWait), (52 bytes).
    Removing mk60_sdhc.o(i.SD_WriteMultiBlock), (244 bytes).
    Removing mk60_sdhc.o(i.SD_WriteSingleBlock), (136 bytes).
    Removing mk60_sdhc.o(.bss), (52 bytes).
    Removing mk60_spi.o(.rev16_text), (4 bytes).
    Removing mk60_spi.o(.revsh_text), (4 bytes).
    Removing mk60_spi.o(.rrx_text), (6 bytes).
    Removing mk60_spi.o(i.SPI_SetSpeed), (36 bytes).
    Removing mk60_spi.o(i.SPIx_WriteReadByte), (80 bytes).
    Removing mk60_spi.o(i.spi_init), (240 bytes).
    Removing mk60_sys.o(.rev16_text), (4 bytes).
    Removing mk60_sys.o(.revsh_text), (4 bytes).
    Removing mk60_sys.o(.rrx_text), (6 bytes).
    Removing mk60_uart.o(.rev16_text), (4 bytes).
    Removing mk60_uart.o(.revsh_text), (4 bytes).
    Removing mk60_uart.o(.rrx_text), (6 bytes).
    Removing mk60_adc.o(.rev16_text), (4 bytes).
    Removing mk60_adc.o(.revsh_text), (4 bytes).
    Removing mk60_adc.o(.rrx_text), (6 bytes).
    Removing mk60_adc.o(i.adc_init), (516 bytes).
    Removing mk60_adc.o(i.get_adc_data), (34 bytes).
    Removing k60_dma.o(.rev16_text), (4 bytes).
    Removing k60_dma.o(.revsh_text), (4 bytes).
    Removing k60_dma.o(.rrx_text), (6 bytes).
    Removing k60_dma.o(i.dma_set_prio), (208 bytes).

102 unused section(s) (total 9971 bytes) removed from the image.

==============================================================================

Image Symbol Table

    Local Symbols

    Symbol Name                              Value     Ov Type        Size  Object(Section)

    RESET                                    0x00000000   Section     1024  startup_mk60d10.o(RESET)
    ../clib/angel/boardlib.s                 0x00000000   Number         0  boardshut.o ABSOLUTE
    ../clib/angel/boardlib.s                 0x00000000   Number         0  boardinit3.o ABSOLUTE
    ../clib/angel/boardlib.s                 0x00000000   Number         0  boardinit2.o ABSOLUTE
    ../clib/angel/boardlib.s                 0x00000000   Number         0  boardinit1.o ABSOLUTE
    ../clib/angel/handlers.s                 0x00000000   Number         0  __scatter_zi.o ABSOLUTE
    ../clib/angel/handlers.s                 0x00000000   Number         0  __scatter_copy.o ABSOLUTE
    ../clib/angel/kernel.s                   0x00000000   Number         0  __rtentry2.o ABSOLUTE
    ../clib/angel/kernel.s                   0x00000000   Number         0  __rtentry4.o ABSOLUTE
    ../clib/angel/kernel.s                   0x00000000   Number         0  __rtentry.o ABSOLUTE
    ../clib/angel/kernel.s                   0x00000000   Number         0  rtexit.o ABSOLUTE
    ../clib/angel/kernel.s                   0x00000000   Number         0  rtexit2.o ABSOLUTE
    ../clib/angel/rt.s                       0x00000000   Number         0  rt_raise.o ABSOLUTE
    ../clib/angel/scatter.s                  0x00000000   Number         0  __scatter.o ABSOLUTE
    ../clib/angel/startup.s                  0x00000000   Number         0  __main.o ABSOLUTE
    ../clib/angel/sys.s                      0x00000000   Number         0  libspace.o ABSOLUTE
    ../clib/angel/sys.s                      0x00000000   Number         0  indicate_semi.o ABSOLUTE
    ../clib/angel/sys.s                      0x00000000   Number         0  sys_stackheap_outer.o ABSOLUTE
    ../clib/angel/sys.s                      0x00000000   Number         0  use_no_semi.o ABSOLUTE
    ../clib/angel/sys.s                      0x00000000   Number         0  use_no_semi_2.o ABSOLUTE
    ../clib/angel/sysapp.c                   0x00000000   Number         0  sys_wrch.o ABSOLUTE
    ../clib/angel/sysapp.c                   0x00000000   Number         0  sys_command.o ABSOLUTE
    ../clib/armsys.c                         0x00000000   Number         0  argv_veneer.o ABSOLUTE
    ../clib/armsys.c                         0x00000000   Number         0  _get_argv_nomalloc.o ABSOLUTE
    ../clib/armsys.c                         0x00000000   Number         0  argv_veneer.o ABSOLUTE
    ../clib/armsys.c                         0x00000000   Number         0  no_argv.o ABSOLUTE
    ../clib/heapalloc.c                      0x00000000   Number         0  hrguard.o ABSOLUTE
    ../clib/heapaux.c                        0x00000000   Number         0  heapauxi.o ABSOLUTE
    ../clib/libinit.s                        0x00000000   Number         0  libinit.o ABSOLUTE
    ../clib/libinit.s                        0x00000000   Number         0  libshutdown2.o ABSOLUTE
    ../clib/libinit.s                        0x00000000   Number         0  libshutdown.o ABSOLUTE
    ../clib/libinit.s                        0x00000000   Number         0  libinit2.o ABSOLUTE
    ../clib/printf.c                         0x00000000   Number         0  _printf_intcommon.o ABSOLUTE
    ../clib/printf.c                         0x00000000   Number         0  noretval__2printf.o ABSOLUTE
    ../clib/printf.c                         0x00000000   Number         0  __printf.o ABSOLUTE
    ../clib/printf.c                         0x00000000   Number         0  _printf_hex_ll.o ABSOLUTE
    ../clib/printf.c                         0x00000000   Number         0  _printf_hex_int.o ABSOLUTE
    ../clib/printf.c                         0x00000000   Number         0  _printf_hex_int_ll.o ABSOLUTE
    ../clib/printf.c                         0x00000000   Number         0  _printf_hex_ptr.o ABSOLUTE
    ../clib/printf.c                         0x00000000   Number         0  _printf_hex_int_ptr.o ABSOLUTE
    ../clib/printf.c                         0x00000000   Number         0  _printf_hex_int_ll_ptr.o ABSOLUTE
    ../clib/printf.c                         0x00000000   Number         0  __printf_flags.o ABSOLUTE
    ../clib/printf.c                         0x00000000   Number         0  __printf_flags_ss.o ABSOLUTE
    ../clib/printf.c                         0x00000000   Number         0  __printf_wp.o ABSOLUTE
    ../clib/printf.c                         0x00000000   Number         0  __printf_flags_wp.o ABSOLUTE
    ../clib/printf.c                         0x00000000   Number         0  _printf_char_common.o ABSOLUTE
    ../clib/printf.c                         0x00000000   Number         0  __printf_ss_wp.o ABSOLUTE
    ../clib/printf.c                         0x00000000   Number         0  __printf_flags_ss_wp.o ABSOLUTE
    ../clib/printf.c                         0x00000000   Number         0  __printf_ss.o ABSOLUTE
    ../clib/printf.c                         0x00000000   Number         0  __printf_nopercent.o ABSOLUTE
    ../clib/printf.c                         0x00000000   Number         0  __2printf.o ABSOLUTE
    ../clib/printf.c                         0x00000000   Number         0  _printf_hex_ll_ptr.o ABSOLUTE
    ../clib/printf.c                         0x00000000   Number         0  _printf_char_file.o ABSOLUTE
    ../clib/printf_percent.s                 0x00000000   Number         0  _printf_x.o ABSOLUTE
    ../clib/printf_percent.s                 0x00000000   Number         0  _printf_percent.o ABSOLUTE
    ../clib/printf_percent.s                 0x00000000   Number         0  _printf_percent_end.o ABSOLUTE
    ../clib/signal.c                         0x00000000   Number         0  defsig_pvfn_inner.o ABSOLUTE
    ../clib/signal.c                         0x00000000   Number         0  defsig_rtred_inner.o ABSOLUTE
    ../clib/signal.c                         0x00000000   Number         0  defsig_stak_inner.o ABSOLUTE
    ../clib/signal.c                         0x00000000   Number         0  defsig_fpe_inner.o ABSOLUTE
    ../clib/signal.c                         0x00000000   Number         0  defsig_abrt_inner.o ABSOLUTE
    ../clib/signal.c                         0x00000000   Number         0  defsig_rtmem_inner.o ABSOLUTE
    ../clib/signal.c                         0x00000000   Number         0  defsig_general.o ABSOLUTE
    ../clib/signal.c                         0x00000000   Number         0  defsig_other.o ABSOLUTE
    ../clib/signal.c                         0x00000000   Number         0  defsig_segv_inner.o ABSOLUTE
    ../clib/signal.c                         0x00000000   Number         0  defsig_cppl_inner.o ABSOLUTE
    ../clib/signal.c                         0x00000000   Number         0  __raise.o ABSOLUTE
    ../clib/signal.c                         0x00000000   Number         0  defsig_exit.o ABSOLUTE
    ../clib/signal.c                         0x00000000   Number         0  defsig_rtmem_formal.o ABSOLUTE
    ../clib/signal.c                         0x00000000   Number         0  defsig_rtmem_outer.o ABSOLUTE
    ../clib/signal.s                         0x00000000   Number         0  defsig.o ABSOLUTE
    ../clib/stdio.c                          0x00000000   Number         0  ferror.o ABSOLUTE
    ../clib/stdio.c                          0x00000000   Number         0  ferror_locked.o ABSOLUTE
    ../clib/stdlib.c                         0x00000000   Number         0  exit.o ABSOLUTE
    ../clib/string.c                         0x00000000   Number         0  strlen.o ABSOLUTE
    ../fplib/daddsub.s                       0x00000000   Number         0  daddsub_clz.o ABSOLUTE
    ../fplib/dfix.s                          0x00000000   Number         0  dfix.o ABSOLUTE
    ../fplib/dflt.s                          0x00000000   Number         0  dflt_clz.o ABSOLUTE
    ../fplib/dmul.s                          0x00000000   Number         0  dmul.o ABSOLUTE
    ../fplib/dnaninf.s                       0x00000000   Number         0  dnaninf.o ABSOLUTE
    ../fplib/dretinf.s                       0x00000000   Number         0  dretinf.o ABSOLUTE
    ../fplib/faddsub.s                       0x00000000   Number         0  faddsub_clz.o ABSOLUTE
    ../fplib/fcmpi.s                         0x00000000   Number         0  fcmpi.o ABSOLUTE
    ../fplib/fdiv.s                          0x00000000   Number         0  fdiv.o ABSOLUTE
    ../fplib/ffix.s                          0x00000000   Number         0  ffix.o ABSOLUTE
    ../fplib/ffixu.s                         0x00000000   Number         0  ffixu.o ABSOLUTE
    ../fplib/fflt.s                          0x00000000   Number         0  fflt_clz.o ABSOLUTE
    ../fplib/fleqf.s                         0x00000000   Number         0  fleqf.o ABSOLUTE
    ../fplib/fmul.s                          0x00000000   Number         0  fmul.o ABSOLUTE
    ../fplib/fnaninf.s                       0x00000000   Number         0  fnaninf.o ABSOLUTE
    ../fplib/fpinit.s                        0x00000000   Number         0  fpinit.o ABSOLUTE
    ../fplib/fretinf.s                       0x00000000   Number         0  fretinf.o ABSOLUTE
    ../fplib/frleqf.s                        0x00000000   Number         0  frleqf.o ABSOLUTE
    ../fplib/usenofp.s                       0x00000000   Number         0  usenofp.o ABSOLUTE
    ..\APP\IIC\iic.c                         0x00000000   Number         0  iic.o ABSOLUTE
    ..\APP\OLED\oled.c                       0x00000000   Number         0  oled.o ABSOLUTE
    ..\APP\OV7725\ov7725.c                   0x00000000   Number         0  ov7725.o ABSOLUTE
    ..\APP\control\control.c                 0x00000000   Number         0  control.o ABSOLUTE
    ..\APP\motor_pid\motor_pid.c             0x00000000   Number         0  motor_pid.o ABSOLUTE
    ..\APP\servo_pd\servo_pd.c               0x00000000   Number         0  servo_pd.o ABSOLUTE
    ..\MK60Dxx10_Lib\core\startup_MK60D10.s  0x00000000   Number         0  startup_mk60d10.o ABSOLUTE
    ..\MK60Dxx10_Lib\src\k60_dma.c           0x00000000   Number         0  k60_dma.o ABSOLUTE
    ..\MK60Dxx10_Lib\src\mk60_adc.c          0x00000000   Number         0  mk60_adc.o ABSOLUTE
    ..\MK60Dxx10_Lib\src\mk60_ftm.c          0x00000000   Number         0  mk60_ftm.o ABSOLUTE
    ..\MK60Dxx10_Lib\src\mk60_gpio.c         0x00000000   Number         0  mk60_gpio.o ABSOLUTE
    ..\MK60Dxx10_Lib\src\mk60_lptmr.c        0x00000000   Number         0  mk60_lptmr.o ABSOLUTE
    ..\MK60Dxx10_Lib\src\mk60_pit.c          0x00000000   Number         0  mk60_pit.o ABSOLUTE
    ..\MK60Dxx10_Lib\src\mk60_sdhc.c         0x00000000   Number         0  mk60_sdhc.o ABSOLUTE
    ..\MK60Dxx10_Lib\src\mk60_spi.c          0x00000000   Number         0  mk60_spi.o ABSOLUTE
    ..\MK60Dxx10_Lib\src\mk60_sys.c          0x00000000   Number         0  mk60_sys.o ABSOLUTE
    ..\MK60Dxx10_Lib\src\mk60_uart.c         0x00000000   Number         0  mk60_uart.o ABSOLUTE
    ..\\APP\\IIC\\iic.c                      0x00000000   Number         0  iic.o ABSOLUTE
    ..\\APP\\OLED\\oled.c                    0x00000000   Number         0  oled.o ABSOLUTE
    ..\\APP\\OV7725\\ov7725.c                0x00000000   Number         0  ov7725.o ABSOLUTE
    ..\\APP\\control\\control.c              0x00000000   Number         0  control.o ABSOLUTE
    ..\\APP\\motor_pid\\motor_pid.c          0x00000000   Number         0  motor_pid.o ABSOLUTE
    ..\\APP\\servo_pd\\servo_pd.c            0x00000000   Number         0  servo_pd.o ABSOLUTE
    ..\\MK60Dxx10_Lib\\src\\k60_dma.c        0x00000000   Number         0  k60_dma.o ABSOLUTE
    ..\\MK60Dxx10_Lib\\src\\mk60_adc.c       0x00000000   Number         0  mk60_adc.o ABSOLUTE
    ..\\MK60Dxx10_Lib\\src\\mk60_ftm.c       0x00000000   Number         0  mk60_ftm.o ABSOLUTE
    ..\\MK60Dxx10_Lib\\src\\mk60_gpio.c      0x00000000   Number         0  mk60_gpio.o ABSOLUTE
    ..\\MK60Dxx10_Lib\\src\\mk60_lptmr.c     0x00000000   Number         0  mk60_lptmr.o ABSOLUTE
    ..\\MK60Dxx10_Lib\\src\\mk60_pit.c       0x00000000   Number         0  mk60_pit.o ABSOLUTE
    ..\\MK60Dxx10_Lib\\src\\mk60_sdhc.c      0x00000000   Number         0  mk60_sdhc.o ABSOLUTE
    ..\\MK60Dxx10_Lib\\src\\mk60_spi.c       0x00000000   Number         0  mk60_spi.o ABSOLUTE
    ..\\MK60Dxx10_Lib\\src\\mk60_sys.c       0x00000000   Number         0  mk60_sys.o ABSOLUTE
    ..\\MK60Dxx10_Lib\\src\\mk60_uart.c      0x00000000   Number         0  mk60_uart.o ABSOLUTE
    dc.s                                     0x00000000   Number         0  dc.o ABSOLUTE
    main.c                                   0x00000000   Number         0  main.o ABSOLUTE
    main.c                                   0x00000000   Number         0  main.o ABSOLUTE
    .ARM.__at_0x400                          0x00000400   Section       16  startup_mk60d10.o(.ARM.__at_0x400)
    !!!main                                  0x00000410   Section        8  __main.o(!!!main)
    !!!scatter                               0x00000418   Section       52  __scatter.o(!!!scatter)
    !!handler_copy                           0x0000044c   Section       26  __scatter_copy.o(!!handler_copy)
    !!handler_zi                             0x00000468   Section       28  __scatter_zi.o(!!handler_zi)
    .ARM.Collect$$_printf_percent$$00000000  0x00000484   Section        0  _printf_percent.o(.ARM.Collect$$_printf_percent$$00000000)
    .ARM.Collect$$_printf_percent$$00000017  0x00000484   Section        4  _printf_percent_end.o(.ARM.Collect$$_printf_percent$$00000017)
    .ARM.Collect$$libinit$$00000000          0x00000488   Section        2  libinit.o(.ARM.Collect$$libinit$$00000000)
    .ARM.Collect$$libinit$$00000002          0x0000048a   Section        0  libinit2.o(.ARM.Collect$$libinit$$00000002)
    .ARM.Collect$$libinit$$00000004          0x0000048a   Section        0  libinit2.o(.ARM.Collect$$libinit$$00000004)
    .ARM.Collect$$libinit$$0000000A          0x0000048a   Section        0  libinit2.o(.ARM.Collect$$libinit$$0000000A)
    .ARM.Collect$$libinit$$0000000C          0x0000048a   Section        0  libinit2.o(.ARM.Collect$$libinit$$0000000C)
    .ARM.Collect$$libinit$$0000000E          0x0000048a   Section        0  libinit2.o(.ARM.Collect$$libinit$$0000000E)
    .ARM.Collect$$libinit$$00000011          0x0000048a   Section        0  libinit2.o(.ARM.Collect$$libinit$$00000011)
    .ARM.Collect$$libinit$$00000013          0x0000048a   Section        0  libinit2.o(.ARM.Collect$$libinit$$00000013)
    .ARM.Collect$$libinit$$00000015          0x0000048a   Section        0  libinit2.o(.ARM.Collect$$libinit$$00000015)
    .ARM.Collect$$libinit$$00000017          0x0000048a   Section        0  libinit2.o(.ARM.Collect$$libinit$$00000017)
    .ARM.Collect$$libinit$$00000019          0x0000048a   Section        0  libinit2.o(.ARM.Collect$$libinit$$00000019)
    .ARM.Collect$$libinit$$0000001B          0x0000048a   Section        0  libinit2.o(.ARM.Collect$$libinit$$0000001B)
    .ARM.Collect$$libinit$$0000001D          0x0000048a   Section        0  libinit2.o(.ARM.Collect$$libinit$$0000001D)
    .ARM.Collect$$libinit$$0000001F          0x0000048a   Section        0  libinit2.o(.ARM.Collect$$libinit$$0000001F)
    .ARM.Collect$$libinit$$00000021          0x0000048a   Section        0  libinit2.o(.ARM.Collect$$libinit$$00000021)
    .ARM.Collect$$libinit$$00000023          0x0000048a   Section        0  libinit2.o(.ARM.Collect$$libinit$$00000023)
    .ARM.Collect$$libinit$$00000025          0x0000048a   Section        0  libinit2.o(.ARM.Collect$$libinit$$00000025)
    .ARM.Collect$$libinit$$0000002C          0x0000048a   Section        0  libinit2.o(.ARM.Collect$$libinit$$0000002C)
    .ARM.Collect$$libinit$$0000002E          0x0000048a   Section        0  libinit2.o(.ARM.Collect$$libinit$$0000002E)
    .ARM.Collect$$libinit$$00000030          0x0000048a   Section        0  libinit2.o(.ARM.Collect$$libinit$$00000030)
    .ARM.Collect$$libinit$$00000032          0x0000048a   Section        0  libinit2.o(.ARM.Collect$$libinit$$00000032)
    .ARM.Collect$$libinit$$00000033          0x0000048a   Section        2  libinit2.o(.ARM.Collect$$libinit$$00000033)
    .ARM.Collect$$libshutdown$$00000000      0x0000048c   Section        2  libshutdown.o(.ARM.Collect$$libshutdown$$00000000)
    .ARM.Collect$$libshutdown$$00000002      0x0000048e   Section        0  libshutdown2.o(.ARM.Collect$$libshutdown$$00000002)
    .ARM.Collect$$libshutdown$$00000004      0x0000048e   Section        0  libshutdown2.o(.ARM.Collect$$libshutdown$$00000004)
    .ARM.Collect$$libshutdown$$00000006      0x0000048e   Section        0  libshutdown2.o(.ARM.Collect$$libshutdown$$00000006)
    .ARM.Collect$$libshutdown$$00000009      0x0000048e   Section        0  libshutdown2.o(.ARM.Collect$$libshutdown$$00000009)
    .ARM.Collect$$libshutdown$$0000000C      0x0000048e   Section        0  libshutdown2.o(.ARM.Collect$$libshutdown$$0000000C)
    .ARM.Collect$$libshutdown$$0000000E      0x0000048e   Section        0  libshutdown2.o(.ARM.Collect$$libshutdown$$0000000E)
    .ARM.Collect$$libshutdown$$00000011      0x0000048e   Section        0  libshutdown2.o(.ARM.Collect$$libshutdown$$00000011)
    .ARM.Collect$$libshutdown$$00000012      0x0000048e   Section        2  libshutdown2.o(.ARM.Collect$$libshutdown$$00000012)
    .ARM.Collect$$rtentry$$00000000          0x00000490   Section        0  __rtentry.o(.ARM.Collect$$rtentry$$00000000)
    .ARM.Collect$$rtentry$$00000002          0x00000490   Section        0  __rtentry2.o(.ARM.Collect$$rtentry$$00000002)
    .ARM.Collect$$rtentry$$00000004          0x00000490   Section        6  __rtentry4.o(.ARM.Collect$$rtentry$$00000004)
    .ARM.Collect$$rtentry$$00000009          0x00000496   Section        0  __rtentry2.o(.ARM.Collect$$rtentry$$00000009)
    .ARM.Collect$$rtentry$$0000000A          0x00000496   Section        4  __rtentry2.o(.ARM.Collect$$rtentry$$0000000A)
    .ARM.Collect$$rtentry$$0000000C          0x0000049a   Section        0  __rtentry2.o(.ARM.Collect$$rtentry$$0000000C)
    .ARM.Collect$$rtentry$$0000000D          0x0000049a   Section        8  __rtentry2.o(.ARM.Collect$$rtentry$$0000000D)
    .ARM.Collect$$rtexit$$00000000           0x000004a2   Section        2  rtexit.o(.ARM.Collect$$rtexit$$00000000)
    .ARM.Collect$$rtexit$$00000002           0x000004a4   Section        0  rtexit2.o(.ARM.Collect$$rtexit$$00000002)
    .ARM.Collect$$rtexit$$00000003           0x000004a4   Section        4  rtexit2.o(.ARM.Collect$$rtexit$$00000003)
    .ARM.Collect$$rtexit$$00000004           0x000004a8   Section        6  rtexit2.o(.ARM.Collect$$rtexit$$00000004)
    .text                                    0x000004b0   Section       60  startup_mk60d10.o(.text)
    .text                                    0x000004ec   Section        2  use_no_semi_2.o(.text)
    .text                                    0x000004f0   Section        0  noretval__2printf.o(.text)
    .text                                    0x00000508   Section        0  __printf.o(.text)
    .text                                    0x00000570   Section        0  heapauxi.o(.text)
    .text                                    0x00000576   Section        2  use_no_semi.o(.text)
    .text                                    0x00000578   Section        0  _printf_char_file.o(.text)
    .text                                    0x0000059c   Section        0  _printf_char_common.o(.text)
    _printf_input_char                       0x0000059d   Thumb Code    10  _printf_char_common.o(.text)
    .text                                    0x000005cc   Section        0  ferror.o(.text)
    .text                                    0x000005d4   Section       74  sys_stackheap_outer.o(.text)
    .text                                    0x0000061e   Section        0  exit.o(.text)
    .text                                    0x00000630   Section        8  libspace.o(.text)
    i.DisableInterrupts                      0x00000638   Section        0  mk60_sys.o(i.DisableInterrupts)
    i.Display_Image_On_PC                    0x0000063c   Section        0  ov7725.o(i.Display_Image_On_PC)
    i.EnableInterrupts                       0x000006bc   Section        0  mk60_sys.o(i.EnableInterrupts)
    i.HardFault_Handler                      0x000006c0   Section        0  main.o(i.HardFault_Handler)
    i.IIC_Init                               0x000006dc   Section        0  iic.o(i.IIC_Init)
    i.IIC_ReadByte                           0x00000728   Section        0  iic.o(i.IIC_ReadByte)
    i.IIC_SendByte                           0x000007a0   Section        0  iic.o(i.IIC_SendByte)
    i.IIC_Start                              0x00000824   Section        0  iic.o(i.IIC_Start)
    i.IIC_Stop                               0x0000087c   Section        0  iic.o(i.IIC_Stop)
    i.IIC_WaitAck                            0x000008bc   Section        0  iic.o(i.IIC_WaitAck)
    i.Image_Decompression                    0x0000093c   Section        0  ov7725.o(i.Image_Decompression)
    i.LeftMotorPID                           0x0000097c   Section        0  motor_pid.o(i.LeftMotorPID)
    i.NVIC_EnableIRQ                         0x00000a7c   Section        0  mk60_gpio.o(i.NVIC_EnableIRQ)
    NVIC_EnableIRQ                           0x00000a7d   Thumb Code    22  mk60_gpio.o(i.NVIC_EnableIRQ)
    i.NVIC_EnableIRQ                         0x00000a92   Section        0  mk60_pit.o(i.NVIC_EnableIRQ)
    NVIC_EnableIRQ                           0x00000a93   Thumb Code    22  mk60_pit.o(i.NVIC_EnableIRQ)
    i.OLED_Clear                             0x00000aa8   Section        0  oled.o(i.OLED_Clear)
    i.OLED_Init                              0x00000af0   Section        0  oled.o(i.OLED_Init)
    i.OLED_WR_CMD                            0x00000bec   Section        0  oled.o(i.OLED_WR_CMD)
    i.OLED_WR_DATA                           0x00000c28   Section        0  oled.o(i.OLED_WR_DATA)
    i.OV7725_Init                            0x00000c64   Section        0  ov7725.o(i.OV7725_Init)
    i.PIT0_IRQHandler                        0x00001020   Section        0  main.o(i.PIT0_IRQHandler)
    i.PORTB_IRQHandler                       0x0000105c   Section        0  ov7725.o(i.PORTB_IRQHandler)
    i.Read_Reg                               0x0000108c   Section        0  iic.o(i.Read_Reg)
    i.RightMotorPID                          0x000010e0   Section        0  motor_pid.o(i.RightMotorPID)
    i.ServoPD                                0x000011e0   Section        0  servo_pd.o(i.ServoPD)
    i.SetIntPrio                             0x000015a8   Section        0  mk60_sys.o(i.SetIntPrio)
    i.SystemInit                             0x00001600   Section        0  mk60_sys.o(i.SystemInit)
    i.Write_Reg                              0x000016e4   Section        0  iic.o(i.Write_Reg)
    i._sys_exit                              0x0000172e   Section        0  mk60_uart.o(i._sys_exit)
    i.clear_pit_int_flag                     0x00001734   Section        0  mk60_pit.o(i.clear_pit_int_flag)
    i.delay_ms                               0x00001744   Section        0  mk60_sys.o(i.delay_ms)
    i.delay_us                               0x0000175e   Section        0  mk60_sys.o(i.delay_us)
    i.dma_get_counter                        0x000017ac   Section        0  k60_dma.o(i.dma_get_counter)
    i.dma_gpio_counter_init                  0x000017d0   Section        0  k60_dma.o(i.dma_gpio_counter_init)
    i.dma_gpio_to_buffer                     0x000018c0   Section        0  k60_dma.o(i.dma_gpio_to_buffer)
    i.dma_init                               0x0000190c   Section        0  k60_dma.o(i.dma_init)
    i.dma_set_dest_about                     0x00001a48   Section        0  k60_dma.o(i.dma_set_dest_about)
    i.dma_set_source_about                   0x00001a90   Section        0  k60_dma.o(i.dma_set_source_about)
    i.fputc                                  0x00001ad8   Section        0  mk60_uart.o(i.fputc)
    i.ftm_duty_change                        0x00001af0   Section        0  mk60_ftm.o(i.ftm_duty_change)
    i.ftm_pwm_init                           0x00001afc   Section        0  mk60_ftm.o(i.ftm_pwm_init)
    i.get_mid                                0x00001ce0   Section        0  control.o(i.get_mid)
    i.gpio_alf_init                          0x00001ee8   Section        0  mk60_gpio.o(i.gpio_alf_init)
    i.gpio_init                              0x00001fa8   Section        0  mk60_gpio.o(i.gpio_init)
    i.gpio_int_init                          0x000020a8   Section        0  mk60_gpio.o(i.gpio_int_init)
    i.limit_column                           0x000021b4   Section        0  control.o(i.limit_column)
    i.limit_row                              0x000021c6   Section        0  control.o(i.limit_row)
    i.main                                   0x000021d8   Section        0  main.o(i.main)
    i.pit_init                               0x00002304   Section        0  mk60_pit.o(i.pit_init)
    i.shizi_handle                           0x00002384   Section        0  control.o(i.shizi_handle)
    i.uart_init                              0x00002e4c   Section        0  mk60_uart.o(i.uart_init)
    i.uart_sendbyte                          0x00002f48   Section        0  mk60_uart.o(i.uart_sendbyte)
    x$fpl$dadd                               0x00002f58   Section      336  daddsub_clz.o(x$fpl$dadd)
    _dadd1                                   0x00002f69   Thumb Code     0  daddsub_clz.o(x$fpl$dadd)
    x$fpl$dfix                               0x000030a8   Section       94  dfix.o(x$fpl$dfix)
    x$fpl$dfltu                              0x00003106   Section       38  dflt_clz.o(x$fpl$dfltu)
    x$fpl$dmul                               0x0000312c   Section      340  dmul.o(x$fpl$dmul)
    x$fpl$dnaninf                            0x00003280   Section      156  dnaninf.o(x$fpl$dnaninf)
    x$fpl$dretinf                            0x0000331c   Section       12  dretinf.o(x$fpl$dretinf)
    x$fpl$drsb                               0x00003328   Section       22  daddsub_clz.o(x$fpl$drsb)
    x$fpl$dsub                               0x00003340   Section      468  daddsub_clz.o(x$fpl$dsub)
    _dsub1                                   0x00003351   Thumb Code     0  daddsub_clz.o(x$fpl$dsub)
    x$fpl$fadd                               0x00003514   Section      196  faddsub_clz.o(x$fpl$fadd)
    _fadd1                                   0x00003523   Thumb Code     0  faddsub_clz.o(x$fpl$fadd)
    x$fpl$fcmpinf                            0x000035d8   Section       24  fcmpi.o(x$fpl$fcmpinf)
    x$fpl$fdiv                               0x000035f0   Section      388  fdiv.o(x$fpl$fdiv)
    _fdiv1                                   0x000035f1   Thumb Code     0  fdiv.o(x$fpl$fdiv)
    x$fpl$ffix                               0x00003774   Section       54  ffix.o(x$fpl$ffix)
    x$fpl$ffixu                              0x000037ac   Section       62  ffixu.o(x$fpl$ffixu)
    x$fpl$fflt                               0x000037ec   Section       48  fflt_clz.o(x$fpl$fflt)
    x$fpl$ffltu                              0x0000381c   Section       38  fflt_clz.o(x$fpl$ffltu)
    x$fpl$fleqf                              0x00003844   Section      104  fleqf.o(x$fpl$fleqf)
    x$fpl$fmul                               0x000038ac   Section      258  fmul.o(x$fpl$fmul)
    x$fpl$fnaninf                            0x000039ae   Section      140  fnaninf.o(x$fpl$fnaninf)
    x$fpl$fretinf                            0x00003a3a   Section       10  fretinf.o(x$fpl$fretinf)
    x$fpl$frleqf                             0x00003a44   Section       98  frleqf.o(x$fpl$frleqf)
    x$fpl$frsb                               0x00003aa6   Section       20  faddsub_clz.o(x$fpl$frsb)
    x$fpl$fsub                               0x00003abc   Section      234  faddsub_clz.o(x$fpl$fsub)
    _fsub1                                   0x00003acb   Thumb Code     0  faddsub_clz.o(x$fpl$fsub)
    x$fpl$usenofp                            0x00003ba6   Section        0  usenofp.o(x$fpl$usenofp)
    .data                                    0x20000000   Section        2  main.o(.data)
    .data                                    0x20000002   Section        8  control.o(.data)
    .data                                    0x2000000c   Section       21  servo_pd.o(.data)
    .data                                    0x20000024   Section      104  motor_pid.o(.data)
    .data                                    0x2000008c   Section        4  mk60_uart.o(.data)
    .bss                                     0x20000090   Section     5400  ov7725.o(.bss)
    .bss                                     0x200015a8   Section     1024  oled.o(.bss)
    .bss                                     0x200019a8   Section      360  control.o(.bss)
    .bss                                     0x20001b10   Section       96  libspace.o(.bss)
    HEAP                                     0x20001b70   Section        0  startup_mk60d10.o(HEAP)
    STACK                                    0x20001b70   Section     1024  startup_mk60d10.o(STACK)
    Heap_Mem                                 0x20001b70   Data           0  startup_mk60d10.o(HEAP)
    Stack_Mem                                0x20001b70   Data        1024  startup_mk60d10.o(STACK)
    __initial_sp                             0x20001f70   Data           0  startup_mk60d10.o(STACK)

    Global Symbols

    Symbol Name                              Value     Ov Type        Size  Object(Section)

    BuildAttributes$$THM_ISAv4$E$P$D$K$B$S$7EM$PE$A:L22UL41UL21$X:L11$S22US41US21$IEEE1$IW$USESV6$~STKCKD$USESV7$~SHL$OSPACE$ROPI$EBA8$UX$STANDARDLIB$REQ8$PRES8$EABIv2 0x00000000   Number         0  anon$$obj.o ABSOLUTE
    __ARM_use_no_argv                        0x00000000   Number         0  main.o ABSOLUTE
    __Vectors                                0x00000000   Data           4  startup_mk60d10.o(RESET)
    __ARM_exceptions_init                     - Undefined Weak Reference
    __alloca_initialize                       - Undefined Weak Reference
    __arm_fini_                               - Undefined Weak Reference
    __arm_preinit_                            - Undefined Weak Reference
    __cpp_initialize__aeabi_                  - Undefined Weak Reference
    __cxa_finalize                            - Undefined Weak Reference
    __rt_locale                               - Undefined Weak Reference
    __sigvec_lookup                           - Undefined Weak Reference
    _atexit_init                              - Undefined Weak Reference
    _call_atexit_fns                          - Undefined Weak Reference
    _clock_init                               - Undefined Weak Reference
    _fp_trap_init                             - Undefined Weak Reference
    _fp_trap_shutdown                         - Undefined Weak Reference
    _get_lc_collate                           - Undefined Weak Reference
    _get_lc_ctype                             - Undefined Weak Reference
    _get_lc_monetary                          - Undefined Weak Reference
    _get_lc_numeric                           - Undefined Weak Reference
    _get_lc_time                              - Undefined Weak Reference
    _getenv_init                              - Undefined Weak Reference
    _handle_redirection                       - Undefined Weak Reference
    _init_alloc                               - Undefined Weak Reference
    _init_user_alloc                          - Undefined Weak Reference
    _initio                                   - Undefined Weak Reference
    _mutex_acquire                            - Undefined Weak Reference
    _mutex_release                            - Undefined Weak Reference
    _printf_post_padding                      - Undefined Weak Reference
    _printf_pre_padding                       - Undefined Weak Reference
    _printf_truncate_unsigned                 - Undefined Weak Reference
    _rand_init                                - Undefined Weak Reference
    _signal_finish                            - Undefined Weak Reference
    _signal_init                              - Undefined Weak Reference
    _terminate_alloc                          - Undefined Weak Reference
    _terminate_user_alloc                     - Undefined Weak Reference
    _terminateio                              - Undefined Weak Reference
    __Vectors_End                            0x00000400   Data           0  startup_mk60d10.o(RESET)
    __Vectors_Size                           0x00000400   Number         0  startup_mk60d10.o ABSOLUTE
    __main                                   0x00000411   Thumb Code     8  __main.o(!!!main)
    __scatterload                            0x00000419   Thumb Code     0  __scatter.o(!!!scatter)
    __scatterload_rt2                        0x00000419   Thumb Code    44  __scatter.o(!!!scatter)
    __scatterload_rt2_thumb_only             0x00000419   Thumb Code     0  __scatter.o(!!!scatter)
    __scatterload_null                       0x00000427   Thumb Code     0  __scatter.o(!!!scatter)
    __scatterload_copy                       0x0000044d   Thumb Code    26  __scatter_copy.o(!!handler_copy)
    __scatterload_zeroinit                   0x00000469   Thumb Code    28  __scatter_zi.o(!!handler_zi)
    _printf_percent                          0x00000485   Thumb Code     0  _printf_percent.o(.ARM.Collect$$_printf_percent$$00000000)
    _printf_percent_end                      0x00000485   Thumb Code     0  _printf_percent_end.o(.ARM.Collect$$_printf_percent$$00000017)
    __rt_lib_init                            0x00000489   Thumb Code     0  libinit.o(.ARM.Collect$$libinit$$00000000)
    __rt_lib_init_alloca_1                   0x0000048b   Thumb Code     0  libinit2.o(.ARM.Collect$$libinit$$0000002E)
    __rt_lib_init_argv_1                     0x0000048b   Thumb Code     0  libinit2.o(.ARM.Collect$$libinit$$0000002C)
    __rt_lib_init_atexit_1                   0x0000048b   Thumb Code     0  libinit2.o(.ARM.Collect$$libinit$$0000001B)
    __rt_lib_init_clock_1                    0x0000048b   Thumb Code     0  libinit2.o(.ARM.Collect$$libinit$$00000021)
    __rt_lib_init_cpp_1                      0x0000048b   Thumb Code     0  libinit2.o(.ARM.Collect$$libinit$$00000032)
    __rt_lib_init_exceptions_1               0x0000048b   Thumb Code     0  libinit2.o(.ARM.Collect$$libinit$$00000030)
    __rt_lib_init_fp_1                       0x0000048b   Thumb Code     0  libinit2.o(.ARM.Collect$$libinit$$00000002)
    __rt_lib_init_fp_trap_1                  0x0000048b   Thumb Code     0  libinit2.o(.ARM.Collect$$libinit$$0000001F)
    __rt_lib_init_getenv_1                   0x0000048b   Thumb Code     0  libinit2.o(.ARM.Collect$$libinit$$00000023)
    __rt_lib_init_heap_1                     0x0000048b   Thumb Code     0  libinit2.o(.ARM.Collect$$libinit$$0000000A)
    __rt_lib_init_lc_collate_1               0x0000048b   Thumb Code     0  libinit2.o(.ARM.Collect$$libinit$$00000011)
    __rt_lib_init_lc_ctype_1                 0x0000048b   Thumb Code     0  libinit2.o(.ARM.Collect$$libinit$$00000013)
    __rt_lib_init_lc_monetary_1              0x0000048b   Thumb Code     0  libinit2.o(.ARM.Collect$$libinit$$00000015)
    __rt_lib_init_lc_numeric_1               0x0000048b   Thumb Code     0  libinit2.o(.ARM.Collect$$libinit$$00000017)
    __rt_lib_init_lc_time_1                  0x0000048b   Thumb Code     0  libinit2.o(.ARM.Collect$$libinit$$00000019)
    __rt_lib_init_preinit_1                  0x0000048b   Thumb Code     0  libinit2.o(.ARM.Collect$$libinit$$00000004)
    __rt_lib_init_rand_1                     0x0000048b   Thumb Code     0  libinit2.o(.ARM.Collect$$libinit$$0000000E)
    __rt_lib_init_return                     0x0000048b   Thumb Code     0  libinit2.o(.ARM.Collect$$libinit$$00000033)
    __rt_lib_init_signal_1                   0x0000048b   Thumb Code     0  libinit2.o(.ARM.Collect$$libinit$$0000001D)
    __rt_lib_init_stdio_1                    0x0000048b   Thumb Code     0  libinit2.o(.ARM.Collect$$libinit$$00000025)
    __rt_lib_init_user_alloc_1               0x0000048b   Thumb Code     0  libinit2.o(.ARM.Collect$$libinit$$0000000C)
    __rt_lib_shutdown                        0x0000048d   Thumb Code     0  libshutdown.o(.ARM.Collect$$libshutdown$$00000000)
    __rt_lib_shutdown_cpp_1                  0x0000048f   Thumb Code     0  libshutdown2.o(.ARM.Collect$$libshutdown$$00000004)
    __rt_lib_shutdown_fini_1                 0x0000048f   Thumb Code     0  libshutdown2.o(.ARM.Collect$$libshutdown$$00000002)
    __rt_lib_shutdown_fp_trap_1              0x0000048f   Thumb Code     0  libshutdown2.o(.ARM.Collect$$libshutdown$$00000009)
    __rt_lib_shutdown_heap_1                 0x0000048f   Thumb Code     0  libshutdown2.o(.ARM.Collect$$libshutdown$$00000011)
    __rt_lib_shutdown_return                 0x0000048f   Thumb Code     0  libshutdown2.o(.ARM.Collect$$libshutdown$$00000012)
    __rt_lib_shutdown_signal_1               0x0000048f   Thumb Code     0  libshutdown2.o(.ARM.Collect$$libshutdown$$0000000C)
    __rt_lib_shutdown_stdio_1                0x0000048f   Thumb Code     0  libshutdown2.o(.ARM.Collect$$libshutdown$$00000006)
    __rt_lib_shutdown_user_alloc_1           0x0000048f   Thumb Code     0  libshutdown2.o(.ARM.Collect$$libshutdown$$0000000E)
    __rt_entry                               0x00000491   Thumb Code     0  __rtentry.o(.ARM.Collect$$rtentry$$00000000)
    __rt_entry_presh_1                       0x00000491   Thumb Code     0  __rtentry2.o(.ARM.Collect$$rtentry$$00000002)
    __rt_entry_sh                            0x00000491   Thumb Code     0  __rtentry4.o(.ARM.Collect$$rtentry$$00000004)
    __rt_entry_li                            0x00000497   Thumb Code     0  __rtentry2.o(.ARM.Collect$$rtentry$$0000000A)
    __rt_entry_postsh_1                      0x00000497   Thumb Code     0  __rtentry2.o(.ARM.Collect$$rtentry$$00000009)
    __rt_entry_main                          0x0000049b   Thumb Code     0  __rtentry2.o(.ARM.Collect$$rtentry$$0000000D)
    __rt_entry_postli_1                      0x0000049b   Thumb Code     0  __rtentry2.o(.ARM.Collect$$rtentry$$0000000C)
    __rt_exit                                0x000004a3   Thumb Code     0  rtexit.o(.ARM.Collect$$rtexit$$00000000)
    __rt_exit_ls                             0x000004a5   Thumb Code     0  rtexit2.o(.ARM.Collect$$rtexit$$00000003)
    __rt_exit_prels_1                        0x000004a5   Thumb Code     0  rtexit2.o(.ARM.Collect$$rtexit$$00000002)
    __rt_exit_exit                           0x000004a9   Thumb Code     0  rtexit2.o(.ARM.Collect$$rtexit$$00000004)
    Reset_Handler                            0x000004b1   Thumb Code     8  startup_mk60d10.o(.text)
    NMI_Handler                              0x000004b9   Thumb Code     2  startup_mk60d10.o(.text)
    MemManage_Handler                        0x000004bd   Thumb Code     2  startup_mk60d10.o(.text)
    BusFault_Handler                         0x000004bf   Thumb Code     2  startup_mk60d10.o(.text)
    UsageFault_Handler                       0x000004c1   Thumb Code     2  startup_mk60d10.o(.text)
    SVC_Handler                              0x000004c3   Thumb Code     2  startup_mk60d10.o(.text)
    DebugMon_Handler                         0x000004c5   Thumb Code     2  startup_mk60d10.o(.text)
    PendSV_Handler                           0x000004c7   Thumb Code     2  startup_mk60d10.o(.text)
    SysTick_Handler                          0x000004c9   Thumb Code     2  startup_mk60d10.o(.text)
    ADC0_IRQHandler                          0x000004cb   Thumb Code     0  startup_mk60d10.o(.text)
    ADC1_IRQHandler                          0x000004cb   Thumb Code     0  startup_mk60d10.o(.text)
    CAN0_Bus_Off_IRQHandler                  0x000004cb   Thumb Code     0  startup_mk60d10.o(.text)
    CAN0_Error_IRQHandler                    0x000004cb   Thumb Code     0  startup_mk60d10.o(.text)
    CAN0_ORed_Message_buffer_IRQHandler      0x000004cb   Thumb Code     0  startup_mk60d10.o(.text)
    CAN0_Rx_Warning_IRQHandler               0x000004cb   Thumb Code     0  startup_mk60d10.o(.text)
    CAN0_Tx_Warning_IRQHandler               0x000004cb   Thumb Code     0  startup_mk60d10.o(.text)
    CAN0_Wake_Up_IRQHandler                  0x000004cb   Thumb Code     0  startup_mk60d10.o(.text)
    CAN1_Bus_Off_IRQHandler                  0x000004cb   Thumb Code     0  startup_mk60d10.o(.text)
    CAN1_Error_IRQHandler                    0x000004cb   Thumb Code     0  startup_mk60d10.o(.text)
    CAN1_ORed_Message_buffer_IRQHandler      0x000004cb   Thumb Code     0  startup_mk60d10.o(.text)
    CAN1_Rx_Warning_IRQHandler               0x000004cb   Thumb Code     0  startup_mk60d10.o(.text)
    CAN1_Tx_Warning_IRQHandler               0x000004cb   Thumb Code     0  startup_mk60d10.o(.text)
    CAN1_Wake_Up_IRQHandler                  0x000004cb   Thumb Code     0  startup_mk60d10.o(.text)
    CMP0_IRQHandler                          0x000004cb   Thumb Code     0  startup_mk60d10.o(.text)
    CMP1_IRQHandler                          0x000004cb   Thumb Code     0  startup_mk60d10.o(.text)
    CMP2_IRQHandler                          0x000004cb   Thumb Code     0  startup_mk60d10.o(.text)
    CMT_IRQHandler                           0x000004cb   Thumb Code     0  startup_mk60d10.o(.text)
    DAC0_IRQHandler                          0x000004cb   Thumb Code     0  startup_mk60d10.o(.text)
    DAC1_IRQHandler                          0x000004cb   Thumb Code     0  startup_mk60d10.o(.text)
    DMA0_IRQHandler                          0x000004cb   Thumb Code     0  startup_mk60d10.o(.text)
    DMA10_IRQHandler                         0x000004cb   Thumb Code     0  startup_mk60d10.o(.text)
    DMA11_IRQHandler                         0x000004cb   Thumb Code     0  startup_mk60d10.o(.text)
    DMA12_IRQHandler                         0x000004cb   Thumb Code     0  startup_mk60d10.o(.text)
    DMA13_IRQHandler                         0x000004cb   Thumb Code     0  startup_mk60d10.o(.text)
    DMA14_IRQHandler                         0x000004cb   Thumb Code     0  startup_mk60d10.o(.text)
    DMA15_IRQHandler                         0x000004cb   Thumb Code     0  startup_mk60d10.o(.text)
    DMA1_IRQHandler                          0x000004cb   Thumb Code     0  startup_mk60d10.o(.text)
    DMA2_IRQHandler                          0x000004cb   Thumb Code     0  startup_mk60d10.o(.text)
    DMA3_IRQHandler                          0x000004cb   Thumb Code     0  startup_mk60d10.o(.text)
    DMA4_IRQHandler                          0x000004cb   Thumb Code     0  startup_mk60d10.o(.text)
    DMA5_IRQHandler                          0x000004cb   Thumb Code     0  startup_mk60d10.o(.text)
    DMA6_IRQHandler                          0x000004cb   Thumb Code     0  startup_mk60d10.o(.text)
    DMA7_IRQHandler                          0x000004cb   Thumb Code     0  startup_mk60d10.o(.text)
    DMA8_IRQHandler                          0x000004cb   Thumb Code     0  startup_mk60d10.o(.text)
    DMA9_IRQHandler                          0x000004cb   Thumb Code     0  startup_mk60d10.o(.text)
    DMA_Error_IRQHandler                     0x000004cb   Thumb Code     0  startup_mk60d10.o(.text)
    DefaultISR                               0x000004cb   Thumb Code     0  startup_mk60d10.o(.text)
    ENET_1588_Timer_IRQHandler               0x000004cb   Thumb Code     0  startup_mk60d10.o(.text)
    ENET_Error_IRQHandler                    0x000004cb   Thumb Code     0  startup_mk60d10.o(.text)
    ENET_Receive_IRQHandler                  0x000004cb   Thumb Code     0  startup_mk60d10.o(.text)
    ENET_Transmit_IRQHandler                 0x000004cb   Thumb Code     0  startup_mk60d10.o(.text)
    FTFL_IRQHandler                          0x000004cb   Thumb Code     0  startup_mk60d10.o(.text)
    FTM0_IRQHandler                          0x000004cb   Thumb Code     0  startup_mk60d10.o(.text)
    FTM1_IRQHandler                          0x000004cb   Thumb Code     0  startup_mk60d10.o(.text)
    FTM2_IRQHandler                          0x000004cb   Thumb Code     0  startup_mk60d10.o(.text)
    I2C0_IRQHandler                          0x000004cb   Thumb Code     0  startup_mk60d10.o(.text)
    I2C1_IRQHandler                          0x000004cb   Thumb Code     0  startup_mk60d10.o(.text)
    I2S0_Rx_IRQHandler                       0x000004cb   Thumb Code     0  startup_mk60d10.o(.text)
    I2S0_Tx_IRQHandler                       0x000004cb   Thumb Code     0  startup_mk60d10.o(.text)
    LLW_IRQHandler                           0x000004cb   Thumb Code     0  startup_mk60d10.o(.text)
    LPTimer_IRQHandler                       0x000004cb   Thumb Code     0  startup_mk60d10.o(.text)
    LVD_LVW_IRQHandler                       0x000004cb   Thumb Code     0  startup_mk60d10.o(.text)
    MCG_IRQHandler                           0x000004cb   Thumb Code     0  startup_mk60d10.o(.text)
    MCM_IRQHandler                           0x000004cb   Thumb Code     0  startup_mk60d10.o(.text)
    PDB0_IRQHandler                          0x000004cb   Thumb Code     0  startup_mk60d10.o(.text)
    PIT1_IRQHandler                          0x000004cb   Thumb Code     0  startup_mk60d10.o(.text)
    PIT2_IRQHandler                          0x000004cb   Thumb Code     0  startup_mk60d10.o(.text)
    PIT3_IRQHandler                          0x000004cb   Thumb Code     0  startup_mk60d10.o(.text)
    PORTA_IRQHandler                         0x000004cb   Thumb Code     0  startup_mk60d10.o(.text)
    PORTC_IRQHandler                         0x000004cb   Thumb Code     0  startup_mk60d10.o(.text)
    PORTD_IRQHandler                         0x000004cb   Thumb Code     0  startup_mk60d10.o(.text)
    PORTE_IRQHandler                         0x000004cb   Thumb Code     0  startup_mk60d10.o(.text)
    RNG_IRQHandler                           0x000004cb   Thumb Code     0  startup_mk60d10.o(.text)
    RTC_IRQHandler                           0x000004cb   Thumb Code     0  startup_mk60d10.o(.text)
    RTC_Seconds_IRQHandler                   0x000004cb   Thumb Code     0  startup_mk60d10.o(.text)
    Read_Collision_IRQHandler                0x000004cb   Thumb Code     0  startup_mk60d10.o(.text)
    Reserved102_IRQHandler                   0x000004cb   Thumb Code     0  startup_mk60d10.o(.text)
    Reserved108_IRQHandler                   0x000004cb   Thumb Code     0  startup_mk60d10.o(.text)
    Reserved109_IRQHandler                   0x000004cb   Thumb Code     0  startup_mk60d10.o(.text)
    Reserved111_IRQHandler                   0x000004cb   Thumb Code     0  startup_mk60d10.o(.text)
    Reserved112_IRQHandler                   0x000004cb   Thumb Code     0  startup_mk60d10.o(.text)
    Reserved113_IRQHandler                   0x000004cb   Thumb Code     0  startup_mk60d10.o(.text)
    Reserved114_IRQHandler                   0x000004cb   Thumb Code     0  startup_mk60d10.o(.text)
    Reserved115_IRQHandler                   0x000004cb   Thumb Code     0  startup_mk60d10.o(.text)
    Reserved116_IRQHandler                   0x000004cb   Thumb Code     0  startup_mk60d10.o(.text)
    Reserved117_IRQHandler                   0x000004cb   Thumb Code     0  startup_mk60d10.o(.text)
    Reserved118_IRQHandler                   0x000004cb   Thumb Code     0  startup_mk60d10.o(.text)
    Reserved119_IRQHandler                   0x000004cb   Thumb Code     0  startup_mk60d10.o(.text)
    Reserved59_IRQHandler                    0x000004cb   Thumb Code     0  startup_mk60d10.o(.text)
    Reserved95_IRQHandler                    0x000004cb   Thumb Code     0  startup_mk60d10.o(.text)
    SDHC_IRQHandler                          0x000004cb   Thumb Code     0  startup_mk60d10.o(.text)
    SPI0_IRQHandler                          0x000004cb   Thumb Code     0  startup_mk60d10.o(.text)
    SPI1_IRQHandler                          0x000004cb   Thumb Code     0  startup_mk60d10.o(.text)
    SPI2_IRQHandler                          0x000004cb   Thumb Code     0  startup_mk60d10.o(.text)
    SWI_IRQHandler                           0x000004cb   Thumb Code     0  startup_mk60d10.o(.text)
    TSI0_IRQHandler                          0x000004cb   Thumb Code     0  startup_mk60d10.o(.text)
    UART0_ERR_IRQHandler                     0x000004cb   Thumb Code     0  startup_mk60d10.o(.text)
    UART0_LON_IRQHandler                     0x000004cb   Thumb Code     0  startup_mk60d10.o(.text)
    UART0_RX_TX_IRQHandler                   0x000004cb   Thumb Code     0  startup_mk60d10.o(.text)
    UART1_ERR_IRQHandler                     0x000004cb   Thumb Code     0  startup_mk60d10.o(.text)
    UART1_RX_TX_IRQHandler                   0x000004cb   Thumb Code     0  startup_mk60d10.o(.text)
    UART2_ERR_IRQHandler                     0x000004cb   Thumb Code     0  startup_mk60d10.o(.text)
    UART2_RX_TX_IRQHandler                   0x000004cb   Thumb Code     0  startup_mk60d10.o(.text)
    UART3_ERR_IRQHandler                     0x000004cb   Thumb Code     0  startup_mk60d10.o(.text)
    UART3_RX_TX_IRQHandler                   0x000004cb   Thumb Code     0  startup_mk60d10.o(.text)
    UART4_ERR_IRQHandler                     0x000004cb   Thumb Code     0  startup_mk60d10.o(.text)
    UART4_RX_TX_IRQHandler                   0x000004cb   Thumb Code     0  startup_mk60d10.o(.text)
    UART5_ERR_IRQHandler                     0x000004cb   Thumb Code     0  startup_mk60d10.o(.text)
    UART5_RX_TX_IRQHandler                   0x000004cb   Thumb Code     0  startup_mk60d10.o(.text)
    USB0_IRQHandler                          0x000004cb   Thumb Code     0  startup_mk60d10.o(.text)
    USBDCD_IRQHandler                        0x000004cb   Thumb Code     0  startup_mk60d10.o(.text)
    Watchdog_IRQHandler                      0x000004cb   Thumb Code     0  startup_mk60d10.o(.text)
    __user_initial_stackheap                 0x000004cd   Thumb Code     0  startup_mk60d10.o(.text)
    __use_no_semihosting                     0x000004ed   Thumb Code     2  use_no_semi_2.o(.text)
    __2printf                                0x000004f1   Thumb Code    20  noretval__2printf.o(.text)
    __printf                                 0x00000509   Thumb Code   104  __printf.o(.text)
    __use_two_region_memory                  0x00000571   Thumb Code     2  heapauxi.o(.text)
    __rt_heap_escrow$2region                 0x00000573   Thumb Code     2  heapauxi.o(.text)
    __rt_heap_expand$2region                 0x00000575   Thumb Code     2  heapauxi.o(.text)
    __I$use$semihosting                      0x00000577   Thumb Code     0  use_no_semi.o(.text)
    __use_no_semihosting_swi                 0x00000577   Thumb Code     2  use_no_semi.o(.text)
    _printf_char_file                        0x00000579   Thumb Code    32  _printf_char_file.o(.text)
    _printf_char_common                      0x000005a7   Thumb Code    32  _printf_char_common.o(.text)
    ferror                                   0x000005cd   Thumb Code     8  ferror.o(.text)
    __user_setup_stackheap                   0x000005d5   Thumb Code    74  sys_stackheap_outer.o(.text)
    exit                                     0x0000061f   Thumb Code    18  exit.o(.text)
    __user_libspace                          0x00000631   Thumb Code     8  libspace.o(.text)
    __user_perproc_libspace                  0x00000631   Thumb Code     0  libspace.o(.text)
    __user_perthread_libspace                0x00000631   Thumb Code     0  libspace.o(.text)
    DisableInterrupts                        0x00000639   Thumb Code     4  mk60_sys.o(i.DisableInterrupts)
    Display_Image_On_PC                      0x0000063d   Thumb Code   106  ov7725.o(i.Display_Image_On_PC)
    EnableInterrupts                         0x000006bd   Thumb Code     4  mk60_sys.o(i.EnableInterrupts)
    HardFault_Handler                        0x000006c1   Thumb Code    10  main.o(i.HardFault_Handler)
    IIC_Init                                 0x000006dd   Thumb Code    66  iic.o(i.IIC_Init)
    IIC_ReadByte                             0x00000729   Thumb Code   112  iic.o(i.IIC_ReadByte)
    IIC_SendByte                             0x000007a1   Thumb Code   122  iic.o(i.IIC_SendByte)
    IIC_Start                                0x00000825   Thumb Code    80  iic.o(i.IIC_Start)
    IIC_Stop                                 0x0000087d   Thumb Code    54  iic.o(i.IIC_Stop)
    IIC_WaitAck                              0x000008bd   Thumb Code   118  iic.o(i.IIC_WaitAck)
    Image_Decompression                      0x0000093d   Thumb Code    60  ov7725.o(i.Image_Decompression)
    LeftMotorPID                             0x0000097d   Thumb Code   248  motor_pid.o(i.LeftMotorPID)
    OLED_Clear                               0x00000aa9   Thumb Code    66  oled.o(i.OLED_Clear)
    OLED_Init                                0x00000af1   Thumb Code   244  oled.o(i.OLED_Init)
    OLED_WR_CMD                              0x00000bed   Thumb Code    54  oled.o(i.OLED_WR_CMD)
    OLED_WR_DATA                             0x00000c29   Thumb Code    54  oled.o(i.OLED_WR_DATA)
    OV7725_Init                              0x00000c65   Thumb Code   944  ov7725.o(i.OV7725_Init)
    PIT0_IRQHandler                          0x00001021   Thumb Code    50  main.o(i.PIT0_IRQHandler)
    PORTB_IRQHandler                         0x0000105d   Thumb Code    34  ov7725.o(i.PORTB_IRQHandler)
    Read_Reg                                 0x0000108d   Thumb Code    82  iic.o(i.Read_Reg)
    RightMotorPID                            0x000010e1   Thumb Code   248  motor_pid.o(i.RightMotorPID)
    ServoPD                                  0x000011e1   Thumb Code   896  servo_pd.o(i.ServoPD)
    SetIntPrio                               0x000015a9   Thumb Code    74  mk60_sys.o(i.SetIntPrio)
    SystemInit                               0x00001601   Thumb Code   216  mk60_sys.o(i.SystemInit)
    Write_Reg                                0x000016e5   Thumb Code    74  iic.o(i.Write_Reg)
    _sys_exit                                0x0000172f   Thumb Code     6  mk60_uart.o(i._sys_exit)
    clear_pit_int_flag                       0x00001735   Thumb Code    12  mk60_pit.o(i.clear_pit_int_flag)
    delay_ms                                 0x00001745   Thumb Code    26  mk60_sys.o(i.delay_ms)
    delay_us                                 0x0000175f   Thumb Code    78  mk60_sys.o(i.delay_us)
    dma_get_counter                          0x000017ad   Thumb Code    30  k60_dma.o(i.dma_get_counter)
    dma_gpio_counter_init                    0x000017d1   Thumb Code   230  k60_dma.o(i.dma_gpio_counter_init)
    dma_gpio_to_buffer                       0x000018c1   Thumb Code    74  k60_dma.o(i.dma_gpio_to_buffer)
    dma_init                                 0x0000190d   Thumb Code   296  k60_dma.o(i.dma_init)
    dma_set_dest_about                       0x00001a49   Thumb Code    68  k60_dma.o(i.dma_set_dest_about)
    dma_set_source_about                     0x00001a91   Thumb Code    68  k60_dma.o(i.dma_set_source_about)
    fputc                                    0x00001ad9   Thumb Code    18  mk60_uart.o(i.fputc)
    ftm_duty_change                          0x00001af1   Thumb Code    12  mk60_ftm.o(i.ftm_duty_change)
    ftm_pwm_init                             0x00001afd   Thumb Code   464  mk60_ftm.o(i.ftm_pwm_init)
    get_mid                                  0x00001ce1   Thumb Code   486  control.o(i.get_mid)
    gpio_alf_init                            0x00001ee9   Thumb Code   158  mk60_gpio.o(i.gpio_alf_init)
    gpio_init                                0x00001fa9   Thumb Code   218  mk60_gpio.o(i.gpio_init)
    gpio_int_init                            0x000020a9   Thumb Code   230  mk60_gpio.o(i.gpio_int_init)
    limit_column                             0x000021b5   Thumb Code    18  control.o(i.limit_column)
    limit_row                                0x000021c7   Thumb Code    18  control.o(i.limit_row)
    main                                     0x000021d9   Thumb Code   266  main.o(i.main)
    pit_init                                 0x00002305   Thumb Code   110  mk60_pit.o(i.pit_init)
    shizi_handle                             0x00002385   Thumb Code  2736  control.o(i.shizi_handle)
    uart_init                                0x00002e4d   Thumb Code   230  mk60_uart.o(i.uart_init)
    uart_sendbyte                            0x00002f49   Thumb Code    16  mk60_uart.o(i.uart_sendbyte)
    __aeabi_dadd                             0x00002f59   Thumb Code     0  daddsub_clz.o(x$fpl$dadd)
    _dadd                                    0x00002f59   Thumb Code   332  daddsub_clz.o(x$fpl$dadd)
    __aeabi_d2iz                             0x000030a9   Thumb Code     0  dfix.o(x$fpl$dfix)
    _dfix                                    0x000030a9   Thumb Code    94  dfix.o(x$fpl$dfix)
    __aeabi_ui2d                             0x00003107   Thumb Code     0  dflt_clz.o(x$fpl$dfltu)
    _dfltu                                   0x00003107   Thumb Code    38  dflt_clz.o(x$fpl$dfltu)
    __aeabi_dmul                             0x0000312d   Thumb Code     0  dmul.o(x$fpl$dmul)
    _dmul                                    0x0000312d   Thumb Code   332  dmul.o(x$fpl$dmul)
    __fpl_dnaninf                            0x00003281   Thumb Code   156  dnaninf.o(x$fpl$dnaninf)
    __fpl_dretinf                            0x0000331d   Thumb Code    12  dretinf.o(x$fpl$dretinf)
    __aeabi_drsub                            0x00003329   Thumb Code     0  daddsub_clz.o(x$fpl$drsb)
    _drsb                                    0x00003329   Thumb Code    22  daddsub_clz.o(x$fpl$drsb)
    __aeabi_dsub                             0x00003341   Thumb Code     0  daddsub_clz.o(x$fpl$dsub)
    _dsub                                    0x00003341   Thumb Code   464  daddsub_clz.o(x$fpl$dsub)
    __aeabi_fadd                             0x00003515   Thumb Code     0  faddsub_clz.o(x$fpl$fadd)
    _fadd                                    0x00003515   Thumb Code   196  faddsub_clz.o(x$fpl$fadd)
    __fpl_fcmp_Inf                           0x000035d9   Thumb Code    24  fcmpi.o(x$fpl$fcmpinf)
    __aeabi_fdiv                             0x000035f1   Thumb Code     0  fdiv.o(x$fpl$fdiv)
    _fdiv                                    0x000035f1   Thumb Code   384  fdiv.o(x$fpl$fdiv)
    __aeabi_f2iz                             0x00003775   Thumb Code     0  ffix.o(x$fpl$ffix)
    _ffix                                    0x00003775   Thumb Code    54  ffix.o(x$fpl$ffix)
    __aeabi_f2uiz                            0x000037ad   Thumb Code     0  ffixu.o(x$fpl$ffixu)
    _ffixu                                   0x000037ad   Thumb Code    62  ffixu.o(x$fpl$ffixu)
    __aeabi_i2f                              0x000037ed   Thumb Code     0  fflt_clz.o(x$fpl$fflt)
    _fflt                                    0x000037ed   Thumb Code    48  fflt_clz.o(x$fpl$fflt)
    __aeabi_ui2f                             0x0000381d   Thumb Code     0  fflt_clz.o(x$fpl$ffltu)
    _ffltu                                   0x0000381d   Thumb Code    38  fflt_clz.o(x$fpl$ffltu)
    __aeabi_cfcmple                          0x00003845   Thumb Code     0  fleqf.o(x$fpl$fleqf)
    _fcmple                                  0x00003845   Thumb Code   104  fleqf.o(x$fpl$fleqf)
    __fpl_fcmple_InfNaN                      0x00003897   Thumb Code     0  fleqf.o(x$fpl$fleqf)
    __aeabi_fmul                             0x000038ad   Thumb Code     0  fmul.o(x$fpl$fmul)
    _fmul                                    0x000038ad   Thumb Code   258  fmul.o(x$fpl$fmul)
    __fpl_fnaninf                            0x000039af   Thumb Code   140  fnaninf.o(x$fpl$fnaninf)
    __fpl_fretinf                            0x00003a3b   Thumb Code    10  fretinf.o(x$fpl$fretinf)
    __aeabi_cfrcmple                         0x00003a45   Thumb Code     0  frleqf.o(x$fpl$frleqf)
    _frcmple                                 0x00003a45   Thumb Code    98  frleqf.o(x$fpl$frleqf)
    __aeabi_frsub                            0x00003aa7   Thumb Code     0  faddsub_clz.o(x$fpl$frsb)
    _frsb                                    0x00003aa7   Thumb Code    20  faddsub_clz.o(x$fpl$frsb)
    __aeabi_fsub                             0x00003abd   Thumb Code     0  faddsub_clz.o(x$fpl$fsub)
    _fsub                                    0x00003abd   Thumb Code   234  faddsub_clz.o(x$fpl$fsub)
    __I$use$fp                               0x00003ba6   Number         0  usenofp.o(x$fpl$usenofp)
    Region$$Table$$Base                      0x00003ba8   Number         0  anon$$obj.o(Region$$Table)
    Region$$Table$$Limit                     0x00003bc8   Number         0  anon$$obj.o(Region$$Table)
    t                                        0x20000000   Data           2  main.o(.data)
    correct_line                             0x20000002   Data           2  control.o(.data)
    lose_left                                0x20000004   Data           2  control.o(.data)
    lose_right                               0x20000006   Data           2  control.o(.data)
    shizi_start                              0x20000008   Data           2  control.o(.data)
    ServoThisError                           0x2000000c   Data           4  servo_pd.o(.data)
    ServoLastError                           0x20000010   Data           4  servo_pd.o(.data)
    ServoKp                                  0x20000014   Data           4  servo_pd.o(.data)
    ServoKd                                  0x20000018   Data           4  servo_pd.o(.data)
    ServoOut                                 0x2000001c   Data           4  servo_pd.o(.data)
    speed                                    0x20000020   Data           1  servo_pd.o(.data)
    Left                                     0x20000024   Data          52  motor_pid.o(.data)
    Right                                    0x20000058   Data          52  motor_pid.o(.data)
    __stdout                                 0x2000008c   Data           4  mk60_uart.o(.data)
    Image_zip                                0x20000090   Data         600  ov7725.o(.bss)
    Image_Data                               0x200002e8   Data        4800  ov7725.o(.bss)
    OLED_GRAM                                0x200015a8   Data        1024  oled.o(.bss)
    left                                     0x200019a8   Data         120  control.o(.bss)
    right                                    0x20001a20   Data         120  control.o(.bss)
    mid                                      0x20001a98   Data         120  control.o(.bss)
    __libspace_start                         0x20001b10   Data          96  libspace.o(.bss)
    __temporary_stack_top$libspace           0x20001b70   Data           0  libspace.o(.bss)



==============================================================================

Memory Map of the image

  Image Entry point : 0x00000411

  Load Region LR_IROM1 (Base: 0x00000000, Size: 0x00003c58, Max: 0x00080000, ABSOLUTE)

    Execution Region ER_IROM1 (Exec base: 0x00000000, Load base: 0x00000000, Size: 0x00003bc8, Max: 0x00080000, ABSOLUTE)

    Exec Addr    Load Addr    Size         Type   Attr      Idx    E Section Name        Object

    0x00000000   0x00000000   0x00000400   Data   RO            3    RESET               startup_mk60d10.o
    0x00000400   0x00000400   0x00000010   Code   RO            4    .ARM.__at_0x400     startup_mk60d10.o
    0x00000410   0x00000410   0x00000008   Code   RO         1112  * !!!main             c_w.l(__main.o)
    0x00000418   0x00000418   0x00000034   Code   RO         1341    !!!scatter          c_w.l(__scatter.o)
    0x0000044c   0x0000044c   0x0000001a   Code   RO         1343    !!handler_copy      c_w.l(__scatter_copy.o)
    0x00000466   0x00000466   0x00000002   PAD
    0x00000468   0x00000468   0x0000001c   Code   RO         1345    !!handler_zi        c_w.l(__scatter_zi.o)
    0x00000484   0x00000484   0x00000000   Code   RO         1107    .ARM.Collect$$_printf_percent$$00000000  c_w.l(_printf_percent.o)
    0x00000484   0x00000484   0x00000004   Code   RO         1169    .ARM.Collect$$_printf_percent$$00000017  c_w.l(_printf_percent_end.o)
    0x00000488   0x00000488   0x00000002   Code   RO         1213    .ARM.Collect$$libinit$$00000000  c_w.l(libinit.o)
    0x0000048a   0x0000048a   0x00000000   Code   RO         1220    .ARM.Collect$$libinit$$00000002  c_w.l(libinit2.o)
    0x0000048a   0x0000048a   0x00000000   Code   RO         1222    .ARM.Collect$$libinit$$00000004  c_w.l(libinit2.o)
    0x0000048a   0x0000048a   0x00000000   Code   RO         1225    .ARM.Collect$$libinit$$0000000A  c_w.l(libinit2.o)
    0x0000048a   0x0000048a   0x00000000   Code   RO         1227    .ARM.Collect$$libinit$$0000000C  c_w.l(libinit2.o)
    0x0000048a   0x0000048a   0x00000000   Code   RO         1229    .ARM.Collect$$libinit$$0000000E  c_w.l(libinit2.o)
    0x0000048a   0x0000048a   0x00000000   Code   RO         1232    .ARM.Collect$$libinit$$00000011  c_w.l(libinit2.o)
    0x0000048a   0x0000048a   0x00000000   Code   RO         1234    .ARM.Collect$$libinit$$00000013  c_w.l(libinit2.o)
    0x0000048a   0x0000048a   0x00000000   Code   RO         1236    .ARM.Collect$$libinit$$00000015  c_w.l(libinit2.o)
    0x0000048a   0x0000048a   0x00000000   Code   RO         1238    .ARM.Collect$$libinit$$00000017  c_w.l(libinit2.o)
    0x0000048a   0x0000048a   0x00000000   Code   RO         1240    .ARM.Collect$$libinit$$00000019  c_w.l(libinit2.o)
    0x0000048a   0x0000048a   0x00000000   Code   RO         1242    .ARM.Collect$$libinit$$0000001B  c_w.l(libinit2.o)
    0x0000048a   0x0000048a   0x00000000   Code   RO         1244    .ARM.Collect$$libinit$$0000001D  c_w.l(libinit2.o)
    0x0000048a   0x0000048a   0x00000000   Code   RO         1246    .ARM.Collect$$libinit$$0000001F  c_w.l(libinit2.o)
    0x0000048a   0x0000048a   0x00000000   Code   RO         1248    .ARM.Collect$$libinit$$00000021  c_w.l(libinit2.o)
    0x0000048a   0x0000048a   0x00000000   Code   RO         1250    .ARM.Collect$$libinit$$00000023  c_w.l(libinit2.o)
    0x0000048a   0x0000048a   0x00000000   Code   RO         1252    .ARM.Collect$$libinit$$00000025  c_w.l(libinit2.o)
    0x0000048a   0x0000048a   0x00000000   Code   RO         1256    .ARM.Collect$$libinit$$0000002C  c_w.l(libinit2.o)
    0x0000048a   0x0000048a   0x00000000   Code   RO         1258    .ARM.Collect$$libinit$$0000002E  c_w.l(libinit2.o)
    0x0000048a   0x0000048a   0x00000000   Code   RO         1260    .ARM.Collect$$libinit$$00000030  c_w.l(libinit2.o)
    0x0000048a   0x0000048a   0x00000000   Code   RO         1262    .ARM.Collect$$libinit$$00000032  c_w.l(libinit2.o)
    0x0000048a   0x0000048a   0x00000002   Code   RO         1263    .ARM.Collect$$libinit$$00000033  c_w.l(libinit2.o)
    0x0000048c   0x0000048c   0x00000002   Code   RO         1281    .ARM.Collect$$libshutdown$$00000000  c_w.l(libshutdown.o)
    0x0000048e   0x0000048e   0x00000000   Code   RO         1291    .ARM.Collect$$libshutdown$$00000002  c_w.l(libshutdown2.o)
    0x0000048e   0x0000048e   0x00000000   Code   RO         1293    .ARM.Collect$$libshutdown$$00000004  c_w.l(libshutdown2.o)
    0x0000048e   0x0000048e   0x00000000   Code   RO         1295    .ARM.Collect$$libshutdown$$00000006  c_w.l(libshutdown2.o)
    0x0000048e   0x0000048e   0x00000000   Code   RO         1298    .ARM.Collect$$libshutdown$$00000009  c_w.l(libshutdown2.o)
    0x0000048e   0x0000048e   0x00000000   Code   RO         1301    .ARM.Collect$$libshutdown$$0000000C  c_w.l(libshutdown2.o)
    0x0000048e   0x0000048e   0x00000000   Code   RO         1303    .ARM.Collect$$libshutdown$$0000000E  c_w.l(libshutdown2.o)
    0x0000048e   0x0000048e   0x00000000   Code   RO         1306    .ARM.Collect$$libshutdown$$00000011  c_w.l(libshutdown2.o)
    0x0000048e   0x0000048e   0x00000002   Code   RO         1307    .ARM.Collect$$libshutdown$$00000012  c_w.l(libshutdown2.o)
    0x00000490   0x00000490   0x00000000   Code   RO         1164    .ARM.Collect$$rtentry$$00000000  c_w.l(__rtentry.o)
    0x00000490   0x00000490   0x00000000   Code   RO         1182    .ARM.Collect$$rtentry$$00000002  c_w.l(__rtentry2.o)
    0x00000490   0x00000490   0x00000006   Code   RO         1194    .ARM.Collect$$rtentry$$00000004  c_w.l(__rtentry4.o)
    0x00000496   0x00000496   0x00000000   Code   RO         1184    .ARM.Collect$$rtentry$$00000009  c_w.l(__rtentry2.o)
    0x00000496   0x00000496   0x00000004   Code   RO         1185    .ARM.Collect$$rtentry$$0000000A  c_w.l(__rtentry2.o)
    0x0000049a   0x0000049a   0x00000000   Code   RO         1187    .ARM.Collect$$rtentry$$0000000C  c_w.l(__rtentry2.o)
    0x0000049a   0x0000049a   0x00000008   Code   RO         1188    .ARM.Collect$$rtentry$$0000000D  c_w.l(__rtentry2.o)
    0x000004a2   0x000004a2   0x00000002   Code   RO         1217    .ARM.Collect$$rtexit$$00000000  c_w.l(rtexit.o)
    0x000004a4   0x000004a4   0x00000000   Code   RO         1265    .ARM.Collect$$rtexit$$00000002  c_w.l(rtexit2.o)
    0x000004a4   0x000004a4   0x00000004   Code   RO         1266    .ARM.Collect$$rtexit$$00000003  c_w.l(rtexit2.o)
    0x000004a8   0x000004a8   0x00000006   Code   RO         1267    .ARM.Collect$$rtexit$$00000004  c_w.l(rtexit2.o)
    0x000004ae   0x000004ae   0x00000002   PAD
    0x000004b0   0x000004b0   0x0000003c   Code   RO            5    .text               startup_mk60d10.o
    0x000004ec   0x000004ec   0x00000002   Code   RO         1057    .text               c_w.l(use_no_semi_2.o)
    0x000004ee   0x000004ee   0x00000002   PAD
    0x000004f0   0x000004f0   0x00000018   Code   RO         1061    .text               c_w.l(noretval__2printf.o)
    0x00000508   0x00000508   0x00000068   Code   RO         1063    .text               c_w.l(__printf.o)
    0x00000570   0x00000570   0x00000006   Code   RO         1110    .text               c_w.l(heapauxi.o)
    0x00000576   0x00000576   0x00000002   Code   RO         1162    .text               c_w.l(use_no_semi.o)
    0x00000578   0x00000578   0x00000024   Code   RO         1167    .text               c_w.l(_printf_char_file.o)
    0x0000059c   0x0000059c   0x00000030   Code   RO         1196    .text               c_w.l(_printf_char_common.o)
    0x000005cc   0x000005cc   0x00000008   Code   RO         1198    .text               c_w.l(ferror.o)
    0x000005d4   0x000005d4   0x0000004a   Code   RO         1202    .text               c_w.l(sys_stackheap_outer.o)
    0x0000061e   0x0000061e   0x00000012   Code   RO         1206    .text               c_w.l(exit.o)
    0x00000630   0x00000630   0x00000008   Code   RO         1214    .text               c_w.l(libspace.o)
    0x00000638   0x00000638   0x00000004   Code   RO          857    i.DisableInterrupts  mk60_sys.o
    0x0000063c   0x0000063c   0x00000080   Code   RO          214    i.Display_Image_On_PC  ov7725.o
    0x000006bc   0x000006bc   0x00000004   Code   RO          858    i.EnableInterrupts  mk60_sys.o
    0x000006c0   0x000006c0   0x0000001c   Code   RO           16    i.HardFault_Handler  main.o
    0x000006dc   0x000006dc   0x0000004c   Code   RO          136    i.IIC_Init          iic.o
    0x00000728   0x00000728   0x00000078   Code   RO          138    i.IIC_ReadByte      iic.o
    0x000007a0   0x000007a0   0x00000084   Code   RO          139    i.IIC_SendByte      iic.o
    0x00000824   0x00000824   0x00000058   Code   RO          140    i.IIC_Start         iic.o
    0x0000087c   0x0000087c   0x00000040   Code   RO          141    i.IIC_Stop          iic.o
    0x000008bc   0x000008bc   0x00000080   Code   RO          142    i.IIC_WaitAck       iic.o
    0x0000093c   0x0000093c   0x00000040   Code   RO          215    i.Image_Decompression  ov7725.o
    0x0000097c   0x0000097c   0x00000100   Code   RO          487    i.LeftMotorPID      motor_pid.o
    0x00000a7c   0x00000a7c   0x00000016   Code   RO          577    i.NVIC_EnableIRQ    mk60_gpio.o
    0x00000a92   0x00000a92   0x00000016   Code   RO          694    i.NVIC_EnableIRQ    mk60_pit.o
    0x00000aa8   0x00000aa8   0x00000048   Code   RO          272    i.OLED_Clear        oled.o
    0x00000af0   0x00000af0   0x000000fc   Code   RO          277    i.OLED_Init         oled.o
    0x00000bec   0x00000bec   0x0000003c   Code   RO          287    i.OLED_WR_CMD       oled.o
    0x00000c28   0x00000c28   0x0000003c   Code   RO          288    i.OLED_WR_DATA      oled.o
    0x00000c64   0x00000c64   0x000003bc   Code   RO          216    i.OV7725_Init       ov7725.o
    0x00001020   0x00001020   0x0000003c   Code   RO           17    i.PIT0_IRQHandler   main.o
    0x0000105c   0x0000105c   0x00000030   Code   RO          217    i.PORTB_IRQHandler  ov7725.o
    0x0000108c   0x0000108c   0x00000052   Code   RO          143    i.Read_Reg          iic.o
    0x000010de   0x000010de   0x00000002   PAD
    0x000010e0   0x000010e0   0x00000100   Code   RO          488    i.RightMotorPID     motor_pid.o
    0x000011e0   0x000011e0   0x000003c8   Code   RO          460    i.ServoPD           servo_pd.o
    0x000015a8   0x000015a8   0x00000058   Code   RO          859    i.SetIntPrio        mk60_sys.o
    0x00001600   0x00001600   0x000000e4   Code   RO          860    i.SystemInit        mk60_sys.o
    0x000016e4   0x000016e4   0x0000004a   Code   RO          144    i.Write_Reg         iic.o
    0x0000172e   0x0000172e   0x00000006   Code   RO          915    i._sys_exit         mk60_uart.o
    0x00001734   0x00001734   0x00000010   Code   RO          695    i.clear_pit_int_flag  mk60_pit.o
    0x00001744   0x00001744   0x0000001a   Code   RO          861    i.delay_ms          mk60_sys.o
    0x0000175e   0x0000175e   0x0000004e   Code   RO          862    i.delay_us          mk60_sys.o
    0x000017ac   0x000017ac   0x00000024   Code   RO          994    i.dma_get_counter   k60_dma.o
    0x000017d0   0x000017d0   0x000000f0   Code   RO          995    i.dma_gpio_counter_init  k60_dma.o
    0x000018c0   0x000018c0   0x0000004a   Code   RO          996    i.dma_gpio_to_buffer  k60_dma.o
    0x0000190a   0x0000190a   0x00000002   PAD
    0x0000190c   0x0000190c   0x0000013c   Code   RO          997    i.dma_init          k60_dma.o
    0x00001a48   0x00001a48   0x00000048   Code   RO          998    i.dma_set_dest_about  k60_dma.o
    0x00001a90   0x00001a90   0x00000048   Code   RO         1000    i.dma_set_source_about  k60_dma.o
    0x00001ad8   0x00001ad8   0x00000018   Code   RO          916    i.fputc             mk60_uart.o
    0x00001af0   0x00001af0   0x0000000c   Code   RO          529    i.ftm_duty_change   mk60_ftm.o
    0x00001afc   0x00001afc   0x000001e4   Code   RO          530    i.ftm_pwm_init      mk60_ftm.o
    0x00001ce0   0x00001ce0   0x00000208   Code   RO          411    i.get_mid           control.o
    0x00001ee8   0x00001ee8   0x000000c0   Code   RO          580    i.gpio_alf_init     mk60_gpio.o
    0x00001fa8   0x00001fa8   0x00000100   Code   RO          582    i.gpio_init         mk60_gpio.o
    0x000020a8   0x000020a8   0x0000010c   Code   RO          583    i.gpio_int_init     mk60_gpio.o
    0x000021b4   0x000021b4   0x00000012   Code   RO          412    i.limit_column      control.o
    0x000021c6   0x000021c6   0x00000012   Code   RO          413    i.limit_row         control.o
    0x000021d8   0x000021d8   0x0000012c   Code   RO           18    i.main              main.o
    0x00002304   0x00002304   0x00000080   Code   RO          696    i.pit_init          mk60_pit.o
    0x00002384   0x00002384   0x00000ac8   Code   RO          414    i.shizi_handle      control.o
    0x00002e4c   0x00002e4c   0x000000fc   Code   RO          917    i.uart_init         mk60_uart.o
    0x00002f48   0x00002f48   0x00000010   Code   RO          918    i.uart_sendbyte     mk60_uart.o
    0x00002f58   0x00002f58   0x00000150   Code   RO         1114    x$fpl$dadd          fz_ws.l(daddsub_clz.o)
    0x000030a8   0x000030a8   0x0000005e   Code   RO         1120    x$fpl$dfix          fz_ws.l(dfix.o)
    0x00003106   0x00003106   0x00000026   Code   RO         1124    x$fpl$dfltu         fz_ws.l(dflt_clz.o)
    0x0000312c   0x0000312c   0x00000154   Code   RO         1130    x$fpl$dmul          fz_ws.l(dmul.o)
    0x00003280   0x00003280   0x0000009c   Code   RO         1170    x$fpl$dnaninf       fz_ws.l(dnaninf.o)
    0x0000331c   0x0000331c   0x0000000c   Code   RO         1172    x$fpl$dretinf       fz_ws.l(dretinf.o)
    0x00003328   0x00003328   0x00000016   Code   RO         1115    x$fpl$drsb          fz_ws.l(daddsub_clz.o)
    0x0000333e   0x0000333e   0x00000002   PAD
    0x00003340   0x00003340   0x000001d4   Code   RO         1116    x$fpl$dsub          fz_ws.l(daddsub_clz.o)
    0x00003514   0x00003514   0x000000c4   Code   RO         1132    x$fpl$fadd          fz_ws.l(faddsub_clz.o)
    0x000035d8   0x000035d8   0x00000018   Code   RO         1174    x$fpl$fcmpinf       fz_ws.l(fcmpi.o)
    0x000035f0   0x000035f0   0x00000184   Code   RO         1139    x$fpl$fdiv          fz_ws.l(fdiv.o)
    0x00003774   0x00003774   0x00000036   Code   RO         1142    x$fpl$ffix          fz_ws.l(ffix.o)
    0x000037aa   0x000037aa   0x00000002   PAD
    0x000037ac   0x000037ac   0x0000003e   Code   RO         1146    x$fpl$ffixu         fz_ws.l(ffixu.o)
    0x000037ea   0x000037ea   0x00000002   PAD
    0x000037ec   0x000037ec   0x00000030   Code   RO         1151    x$fpl$fflt          fz_ws.l(fflt_clz.o)
    0x0000381c   0x0000381c   0x00000026   Code   RO         1150    x$fpl$ffltu         fz_ws.l(fflt_clz.o)
    0x00003842   0x00003842   0x00000002   PAD
    0x00003844   0x00003844   0x00000068   Code   RO         1156    x$fpl$fleqf         fz_ws.l(fleqf.o)
    0x000038ac   0x000038ac   0x00000102   Code   RO         1158    x$fpl$fmul          fz_ws.l(fmul.o)
    0x000039ae   0x000039ae   0x0000008c   Code   RO         1176    x$fpl$fnaninf       fz_ws.l(fnaninf.o)
    0x00003a3a   0x00003a3a   0x0000000a   Code   RO         1178    x$fpl$fretinf       fz_ws.l(fretinf.o)
    0x00003a44   0x00003a44   0x00000062   Code   RO         1160    x$fpl$frleqf        fz_ws.l(frleqf.o)
    0x00003aa6   0x00003aa6   0x00000014   Code   RO         1133    x$fpl$frsb          fz_ws.l(faddsub_clz.o)
    0x00003aba   0x00003aba   0x00000002   PAD
    0x00003abc   0x00003abc   0x000000ea   Code   RO         1134    x$fpl$fsub          fz_ws.l(faddsub_clz.o)
    0x00003ba6   0x00003ba6   0x00000000   Code   RO         1180    x$fpl$usenofp       fz_ws.l(usenofp.o)
    0x00003ba6   0x00003ba6   0x00000002   PAD
    0x00003ba8   0x00003ba8   0x00000020   Data   RO         1339    Region$$Table       anon$$obj.o


    Execution Region RW_IRAM1 (Exec base: 0x20000000, Load base: 0x00003bc8, Size: 0x00001f70, Max: 0x00010000, ABSOLUTE)

    Exec Addr    Load Addr    Size         Type   Attr      Idx    E Section Name        Object

    0x20000000   0x00003bc8   0x00000002   Data   RW           19    .data               main.o
    0x20000002   0x00003bca   0x00000008   Data   RW          416    .data               control.o
    0x2000000a   0x00003bd2   0x00000002   PAD
    0x2000000c   0x00003bd4   0x00000015   Data   RW          461    .data               servo_pd.o
    0x20000021   0x00003be9   0x00000003   PAD
    0x20000024   0x00003bec   0x00000068   Data   RW          490    .data               motor_pid.o
    0x2000008c   0x00003c54   0x00000004   Data   RW          919    .data               mk60_uart.o
    0x20000090        -       0x00001518   Zero   RW          218    .bss                ov7725.o
    0x200015a8        -       0x00000400   Zero   RW          290    .bss                oled.o
    0x200019a8        -       0x00000168   Zero   RW          415    .bss                control.o
    0x20001b10        -       0x00000060   Zero   RW         1215    .bss                c_w.l(libspace.o)
    0x20001b70        -       0x00000000   Zero   RW            2    HEAP                startup_mk60d10.o
    0x20001b70        -       0x00000400   Zero   RW            1    STACK               startup_mk60d10.o


==============================================================================

Image component sizes


      Code (inc. data)   RO Data    RW Data    ZI Data      Debug   Object Name

      3316        104          0          8        360       5359   control.o
       764         56          0          0          0       4145   iic.o
       810         44          0          0          0      27057   k60_dma.o
       388         62          0          2          0     241133   main.o
       496         28          0          0          0       1757   mk60_ftm.o
       738        110          0          0          0      25091   mk60_gpio.o
       166         22          0          0          0       1488   mk60_pit.o
       428         26          0          0          0      25470   mk60_sys.o
       298         28          0          4          0       3978   mk60_uart.o
       512         16          0        104          0       1804   motor_pid.o
       444         26          0          0       1024       3154   oled.o
      1196         52          0          0       5400      25547   ov7725.o
       968         72          0         21          0        977   servo_pd.o
        76         38       1024          0       1024       1024   startup_mk60d10.o

    ----------------------------------------------------------------------
     10604        684       1056        144       7808     367984   Object Totals
         0          0         32          0          0          0   (incl. Generated)
         4          0          0          5          0          0   (incl. Padding)

    ----------------------------------------------------------------------

      Code (inc. data)   RO Data    RW Data    ZI Data      Debug   Library Member Name

         8          0          0          0          0         68   __main.o
       104          0          0          0          0         84   __printf.o
         0          0          0          0          0          0   __rtentry.o
        12          0          0          0          0          0   __rtentry2.o
         6          0          0          0          0          0   __rtentry4.o
        52          8          0          0          0          0   __scatter.o
        26          0          0          0          0          0   __scatter_copy.o
        28          0          0          0          0          0   __scatter_zi.o
        48          6          0          0          0         96   _printf_char_common.o
        36          4          0          0          0         80   _printf_char_file.o
         0          0          0          0          0          0   _printf_percent.o
         4          0          0          0          0          0   _printf_percent_end.o
        18          0          0          0          0         80   exit.o
         8          0          0          0          0         68   ferror.o
         6          0          0          0          0        152   heapauxi.o
         2          0          0          0          0          0   libinit.o
         2          0          0          0          0          0   libinit2.o
         2          0          0          0          0          0   libshutdown.o
         2          0          0          0          0          0   libshutdown2.o
         8          4          0          0         96         68   libspace.o
        24          4          0          0          0         84   noretval__2printf.o
         2          0          0          0          0          0   rtexit.o
        10          0          0          0          0          0   rtexit2.o
        74          0          0          0          0         80   sys_stackheap_outer.o
         2          0          0          0          0         68   use_no_semi.o
         2          0          0          0          0         68   use_no_semi_2.o
       826         16          0          0          0        348   daddsub_clz.o
        94          4          0          0          0         92   dfix.o
        38          0          0          0          0         68   dflt_clz.o
       340         12          0          0          0        104   dmul.o
       156          4          0          0          0         92   dnaninf.o
        12          0          0          0          0         68   dretinf.o
       450          8          0          0          0        236   faddsub_clz.o
        24          0          0          0          0         68   fcmpi.o
       388         76          0          0          0         96   fdiv.o
        54          4          0          0          0         84   ffix.o
        62          4          0          0          0         84   ffixu.o
        86          0          0          0          0        136   fflt_clz.o
       104          4          0          0          0         84   fleqf.o
       258          4          0          0          0         84   fmul.o
       140          4          0          0          0         84   fnaninf.o
        10          0          0          0          0         68   fretinf.o
        98          0          0          0          0         68   frleqf.o
         0          0          0          0          0          0   usenofp.o

    ----------------------------------------------------------------------
      3644        166          0          0         96       2860   Library Totals
        18          0          0          0          0          0   (incl. Padding)

    ----------------------------------------------------------------------

      Code (inc. data)   RO Data    RW Data    ZI Data      Debug   Library Name

       486         26          0          0         96        996   c_w.l
      3140        140          0          0          0       1864   fz_ws.l

    ----------------------------------------------------------------------
      3644        166          0          0         96       2860   Library Totals

    ----------------------------------------------------------------------

==============================================================================


      Code (inc. data)   RO Data    RW Data    ZI Data      Debug   

     14248        850       1056        144       7904     366836   Grand Totals
     14248        850       1056        144       7904     366836   ELF Image Totals
     14248        850       1056        144          0          0   ROM Totals

==============================================================================

    Total RO  Size (Code + RO Data)                15304 (  14.95kB)
    Total RW  Size (RW Data + ZI Data)              8048 (   7.86kB)
    Total ROM Size (Code + RO Data + RW Data)      15448 (  15.09kB)

==============================================================================

