<html>
<body>
<pre>
<h1>µVision Build Log</h1>
<h2>Tool Versions:</h2>
IDE-Version: ¦ÌVision V5.40.0.0
Copyright (C) 2024 ARM Ltd and ARM Germany GmbH. All rights reserved.
License Information: 1 1, 1, LIC=QF82M-X80NV-CXFU6-DKBBF-R27WW-FML2H
 
Tool Versions:
Toolchain:       MDK-ARM Plus  Version: 5.40.0.3
Toolchain Path:  D:\ProgramFiles\Keil_v5\ARM\ARMCC\Bin
C Compiler:      Armcc.exe V5.06 update 7 (build 960)
Assembler:       Armasm.exe V5.06 update 7 (build 960)
Linker/Locator:  ArmLink.exe V5.06 update 7 (build 960)
Library Manager: ArmAr.exe V5.06 update 7 (build 960)
Hex Converter:   FromElf.exe V5.06 update 7 (build 960)
CPU DLL:         SARMCM3.DLL V5.40.0.3
Dialog DLL:      DCM.DLL V1.17.5.0
Target DLL:      Segger\JL2CM3.dll V2.99.44.0
Dialog DLL:      TCM.DLL V1.56.4.0
 
<h2>Project:</h2>
C:\Users\CanhuiBao\Desktop\×îÖÕ³ÌÐò\USER\mk60_lib_test.uvprojx
Project File Date:  03/30/2025

<h2>Output:</h2>
*** Using Compiler 'V5.06 update 7 (build 960)', folder: 'D:\ProgramFiles\Keil_v5\ARM\ARMCC\Bin'
Build target 'Target 1'
compiling motor_pid.c...
linking...
Program Size: Code=14248 RO-data=1056 RW-data=144 ZI-data=7904  
".\Objects\mk60_lib_test.axf" - 0 Error(s), 0 Warning(s).

<h2>Software Packages used:</h2>

Package Vendor: Keil
                https://www.keil.com/pack/Keil.Kinetis_K60_DFP.1.5.1.pack
                Keil::Kinetis_K60_DFP@1.5.1
                NXP Kinetis K60 Series Device Support and Examples

<h2>Collection of Component include folders:</h2>
  D:/ProgramFiles/Keil_v5/ARM/PACK/Keil/Kinetis_K60_DFP/1.5.1/Device/Include

<h2>Collection of Component Files used:</h2>
Build Time Elapsed:  00:00:00
</pre>
</body>
</html>
